Mar 30 07:56:52 syslogd started: BusyBox v1.30.1
Mar 30 07:56:52 kernel: klogd started: BusyBox v1.30.1 (Debian 1:1.30.1-4)
Mar 30 07:56:52 kernel: [    0.000000] Linux version 4.19.0-16-amd64 (debian-kernel@lists.debian.org) (gcc version 8.3.0 (Debian 8.3.0-6)) #1 SMP Debian 4.19.181-1 (2021-03-19)
Mar 30 07:56:52 kernel: [    0.000000] Command line: BOOT_IMAGE=/install.amd/vmlinuz preseed/file=/cdrom/simple-cdd/default.preseed debian-installer/locale=zh_CN console-keymaps-at/keymap=us keyboard-configuration/xkb-keymap=us keyboard-configuration/layout=us vga=788 --- quiet
Mar 30 07:56:52 kernel: [    0.000000] x86/fpu: Supporting XSAVE feature 0x001: 'x87 floating point registers'
Mar 30 07:56:52 kernel: [    0.000000] x86/fpu: Supporting XSAVE feature 0x002: 'SSE registers'
Mar 30 07:56:52 kernel: [    0.000000] x86/fpu: Supporting XSAVE feature 0x004: 'AVX registers'
Mar 30 07:56:52 kernel: [    0.000000] x86/fpu: Supporting XSAVE feature 0x008: 'MPX bounds registers'
Mar 30 07:56:52 kernel: [    0.000000] x86/fpu: Supporting XSAVE feature 0x010: 'MPX CSR'
Mar 30 07:56:52 kernel: [    0.000000] x86/fpu: xstate_offset[2]:  576, xstate_sizes[2]:  256
Mar 30 07:56:52 kernel: [    0.000000] x86/fpu: xstate_offset[3]:  832, xstate_sizes[3]:   64
Mar 30 07:56:52 kernel: [    0.000000] x86/fpu: xstate_offset[4]:  896, xstate_sizes[4]:   64
Mar 30 07:56:52 kernel: [    0.000000] x86/fpu: Enabled xstate features 0x1f, context size is 960 bytes, using 'compacted' format.
Mar 30 07:56:52 kernel: [    0.000000] BIOS-provided physical RAM map:
Mar 30 07:56:52 kernel: [    0.000000] BIOS-e820: [mem 0x0000000000000000-0x0000000000057fff] usable
Mar 30 07:56:52 kernel: [    0.000000] BIOS-e820: [mem 0x0000000000058000-0x0000000000058fff] reserved
Mar 30 07:56:52 kernel: [    0.000000] BIOS-e820: [mem 0x0000000000059000-0x0000000000085fff] usable
Mar 30 07:56:52 kernel: [    0.000000] BIOS-e820: [mem 0x0000000000086000-0x00000000000fffff] reserved
Mar 30 07:56:52 kernel: [    0.000000] BIOS-e820: [mem 0x0000000000100000-0x00000000756a2fff] usable
Mar 30 07:56:52 kernel: [    0.000000] BIOS-e820: [mem 0x00000000756a3000-0x00000000756a3fff] ACPI NVS
Mar 30 07:56:52 kernel: [    0.000000] BIOS-e820: [mem 0x00000000756a4000-0x00000000756cdfff] reserved
Mar 30 07:56:52 kernel: [    0.000000] BIOS-e820: [mem 0x00000000756ce000-0x0000000075779fff] usable
Mar 30 07:56:52 kernel: [    0.000000] BIOS-e820: [mem 0x000000007577a000-0x0000000076079fff] reserved
Mar 30 07:56:52 kernel: [    0.000000] BIOS-e820: [mem 0x000000007607a000-0x000000008c28efff] usable
Mar 30 07:56:52 kernel: [    0.000000] BIOS-e820: [mem 0x000000008c28f000-0x000000008c48efff] type 20
Mar 30 07:56:52 kernel: [    0.000000] BIOS-e820: [mem 0x000000008c48f000-0x000000008cc7efff] reserved
Mar 30 07:56:52 kernel: [    0.000000] BIOS-e820: [mem 0x000000008cc7f000-0x000000008ce7efff] ACPI NVS
Mar 30 07:56:52 kernel: [    0.000000] BIOS-e820: [mem 0x000000008ce7f000-0x000000008cefefff] ACPI data
Mar 30 07:56:52 kernel: [    0.000000] BIOS-e820: [mem 0x000000008ceff000-0x000000008cefffff] usable
Mar 30 07:56:52 kernel: [    0.000000] BIOS-e820: [mem 0x000000008cf00000-0x000000008fffffff] reserved
Mar 30 07:56:52 kernel: [    0.000000] BIOS-e820: [mem 0x00000000e0000000-0x00000000efffffff] reserved
Mar 30 07:56:52 kernel: [    0.000000] BIOS-e820: [mem 0x00000000fd000000-0x00000000fe7fffff] reserved
Mar 30 07:56:52 kernel: [    0.000000] BIOS-e820: [mem 0x00000000feb00000-0x00000000feb03fff] reserved
Mar 30 07:56:52 kernel: [    0.000000] BIOS-e820: [mem 0x00000000fec00000-0x00000000fec00fff] reserved
Mar 30 07:56:52 kernel: [    0.000000] BIOS-e820: [mem 0x00000000fed00000-0x00000000fed00fff] reserved
Mar 30 07:56:52 kernel: [    0.000000] BIOS-e820: [mem 0x00000000fed10000-0x00000000fed19fff] reserved
Mar 30 07:56:52 kernel: [    0.000000] BIOS-e820: [mem 0x00000000fed84000-0x00000000fed84fff] reserved
Mar 30 07:56:52 kernel: [    0.000000] BIOS-e820: [mem 0x00000000fee00000-0x00000000fee00fff] reserved
Mar 30 07:56:52 kernel: [    0.000000] BIOS-e820: [mem 0x00000000ffa00000-0x00000000ffffffff] reserved
Mar 30 07:56:52 kernel: [    0.000000] BIOS-e820: [mem 0x0000000100000000-0x000000016effffff] usable
Mar 30 07:56:52 kernel: [    0.000000] NX (Execute Disable) protection: active
Mar 30 07:56:52 kernel: [    0.000000] efi: EFI v2.40 by INSYDE Corp.
Mar 30 07:56:52 kernel: [    0.000000] efi:  SMBIOS=0x8c500000  ESRT=0x8c4fde18  ACPI 2.0=0x8cefe014  PROP=0x73e14238 
Mar 30 07:56:52 kernel: [    0.000000] secureboot: Secure boot could not be determined (mode 0)
Mar 30 07:56:52 kernel: [    0.000000] SMBIOS 2.8 present.
Mar 30 07:56:52 kernel: [    0.000000] DMI: Timi TM1612/TM1612, BIOS A05 10/20/2016
Mar 30 07:56:52 kernel: [    0.000000] tsc: Detected 1500.000 MHz processor
Mar 30 07:56:52 kernel: [    0.003149] tsc: Detected 1512.000 MHz TSC
Mar 30 07:56:52 kernel: [    0.003149] e820: update [mem 0x00000000-0x00000fff] usable ==> reserved
Mar 30 07:56:52 kernel: [    0.003153] e820: remove [mem 0x000a0000-0x000fffff] usable
Mar 30 07:56:52 kernel: [    0.003173] last_pfn = 0x16f000 max_arch_pfn = 0x400000000
Mar 30 07:56:52 kernel: [    0.003179] MTRR default type: uncachable
Mar 30 07:56:52 kernel: [    0.003181] MTRR fixed ranges enabled:
Mar 30 07:56:52 kernel: [    0.003183]   00000-9FFFF write-back
Mar 30 07:56:52 kernel: [    0.003185]   A0000-BFFFF uncachable
Mar 30 07:56:52 kernel: [    0.003186]   C0000-FFFFF write-protect
Mar 30 07:56:52 kernel: [    0.003188] MTRR variable ranges enabled:
Mar 30 07:56:52 kernel: [    0.003191]   0 base 0000000000 mask 7E00000000 write-back
Mar 30 07:56:52 kernel: [    0.003194]   1 base 008CF00000 mask 7FFFF00000 uncachable
Mar 30 07:56:52 kernel: [    0.003195]   2 base 008D000000 mask 7FFF000000 uncachable
Mar 30 07:56:52 kernel: [    0.003197]   3 base 008E000000 mask 7FFE000000 uncachable
Mar 30 07:56:52 kernel: [    0.003199]   4 base 0090000000 mask 7FF0000000 uncachable
Mar 30 07:56:52 kernel: [    0.003200]   5 base 00A0000000 mask 7FE0000000 uncachable
Mar 30 07:56:52 kernel: [    0.003202]   6 base 00C0000000 mask 7FC0000000 uncachable
Mar 30 07:56:52 kernel: [    0.003203]   7 disabled
Mar 30 07:56:52 kernel: [    0.003204]   8 disabled
Mar 30 07:56:52 kernel: [    0.003205]   9 disabled
Mar 30 07:56:52 kernel: [    0.005518] x86/PAT: Configuration [0-7]: WB  WC  UC- UC  WB  WP  UC- WT  
Mar 30 07:56:52 kernel: [    0.005772] e820: update [mem 0x8cf00000-0xffffffff] usable ==> reserved
Mar 30 07:56:52 kernel: [    0.005781] last_pfn = 0x8cf00 max_arch_pfn = 0x400000000
Mar 30 07:56:52 kernel: [    0.041602] esrt: Reserving ESRT space from 0x000000008c4fde18 to 0x000000008c4fde78.
Mar 30 07:56:52 kernel: [    0.041620] Using GB pages for direct mapping
Mar 30 07:56:52 kernel: [    0.042671] RAMDISK: [mem 0x32711000-0x3537ffff]
Mar 30 07:56:52 kernel: [    0.042685] ACPI: Early table checksum verification disabled
Mar 30 07:56:52 kernel: [    0.042691] ACPI: RSDP 0x000000008CEFE014 000024 (v02 XMCC  )
Mar 30 07:56:52 kernel: [    0.042698] ACPI: XSDT 0x000000008CEBF188 0000FC (v01 XMCC   XMCC1501 00000000      01000013)
Mar 30 07:56:52 kernel: [    0.042709] ACPI: FACP 0x000000008CEEA000 0000F4 (v05 XMCC   XMCC1501 00000000 ACPI 00040000)
Mar 30 07:56:52 kernel: [    0.042719] ACPI: DSDT 0x000000008CEC7000 01E2A7 (v02 XMCC   XMCC1501 00000000 ACPI 00040000)
Mar 30 07:56:52 kernel: [    0.042725] ACPI: FACS 0x000000008CE60000 000040
Mar 30 07:56:52 kernel: [    0.042730] ACPI: UEFI 0x000000008CEFD000 000236 (v01 XMCC   XMCC1501 00000001 ACPI 00040000)
Mar 30 07:56:52 kernel: [    0.042736] ACPI: UEFI 0x000000008CEFC000 000042 (v01 XMCC   XMCC1501 00000002 ACPI 00040000)
Mar 30 07:56:52 kernel: [    0.042741] ACPI: MSDM 0x000000008CEFB000 000055 (v03 XMCC   XMCC1501 00000001 ACPI 00040000)
Mar 30 07:56:52 kernel: [    0.042747] ACPI: SSDT 0x000000008CEF5000 0052EE (v02 XMCC   XMCC1501 00003000 ACPI 00040000)
Mar 30 07:56:52 kernel: [    0.042752] ACPI: SSDT 0x000000008CEF1000 003377 (v02 XMCC   XMCC1501 00001000 ACPI 00040000)
Mar 30 07:56:52 kernel: [    0.042758] ACPI: DBGP 0x000000008CEF0000 000034 (v01 XMCC   XMCC1501 00000001 ACPI 00040000)
Mar 30 07:56:52 kernel: [    0.042764] ACPI: DBG2 0x000000008CEEF000 000054 (v00 XMCC   XMCC1501 00000000 ACPI 00040000)
Mar 30 07:56:52 kernel: [    0.042769] ACPI: ASF! 0x000000008CEEE000 0000A5 (v32 XMCC   XMCC1501 00000001 ACPI 00040000)
Mar 30 07:56:52 kernel: [    0.042775] ACPI: ASPT 0x000000008CEED000 000034 (v07 XMCC   XMCC1501 00000001 ACPI 00040000)
Mar 30 07:56:52 kernel: [    0.042780] ACPI: BOOT 0x000000008CEEC000 000028 (v01 XMCC   XMCC1501 00000001 ACPI 00040000)
Mar 30 07:56:52 kernel: [    0.042785] ACPI: DBGP 0x000000008CEEB000 000034 (v01 XMCC   XMCC1501 00000001 ACPI 00040000)
Mar 30 07:56:52 kernel: [    0.042790] ACPI: HPET 0x000000008CEE9000 000038 (v01 XMCC   XMCC1501 00000001 ACPI 00040000)
Mar 30 07:56:52 kernel: [    0.042796] ACPI: LPIT 0x000000008CEE8000 000094 (v01 XMCC   XMCC1501 00000000 ACPI 00040000)
Mar 30 07:56:52 kernel: [    0.042801] ACPI: APIC 0x000000008CEE7000 0000BC (v03 XMCC   XMCC1501 00000001 ACPI 00040000)
Mar 30 07:56:52 kernel: [    0.042806] ACPI: MCFG 0x000000008CEE6000 00003C (v01 XMCC   XMCC1501 00000001 ACPI 00040000)
Mar 30 07:56:52 kernel: [    0.042812] ACPI: SSDT 0x000000008CEC6000 0002D4 (v01 XMCC   XMCC1501 00000000 ACPI 00040000)
Mar 30 07:56:52 kernel: [    0.042817] ACPI: SSDT 0x000000008CEC3000 002BAE (v02 XMCC   XMCC1501 00001000 ACPI 00040000)
Mar 30 07:56:52 kernel: [    0.042823] ACPI: SSDT 0x000000008CEC2000 0001DD (v02 XMCC   XMCC1501 00001000 ACPI 00040000)
Mar 30 07:56:52 kernel: [    0.042828] ACPI: SSDT 0x000000008CEC1000 00019A (v02 XMCC   XMCC1501 00001000 ACPI 00040000)
Mar 30 07:56:52 kernel: [    0.042833] ACPI: SSDT 0x000000008CEC0000 000B49 (v02 XMCC   XMCC1501 00001000 ACPI 00040000)
Mar 30 07:56:52 kernel: [    0.042839] ACPI: SSDT 0x000000008CEBE000 0004A3 (v02 XMCC   XMCC1501 00001000 ACPI 00040000)
Mar 30 07:56:52 kernel: [    0.042844] ACPI: SSDT 0x000000008CEBD000 000E73 (v02 XMCC   XMCC1501 00003000 ACPI 00040000)
Mar 30 07:56:52 kernel: [    0.042849] ACPI: DMAR 0x000000008CEBC000 0000F0 (v01 XMCC   XMCC1501 00000001 ACPI 00040000)
Mar 30 07:56:52 kernel: [    0.042855] ACPI: FPDT 0x000000008CEBB000 000044 (v01 XMCC   XMCC1501 00000002 ACPI 00040000)
Mar 30 07:56:52 kernel: [    0.042860] ACPI: WPBT 0x000000008CEB9000 00004C (v01 XMCC   XMCC1501 00000001 ACPI 00040000)
Mar 30 07:56:52 kernel: [    0.042866] ACPI: BGRT 0x000000008CEB8000 000038 (v01 XMCC   XMCC1501 00000001 ACPI 00040000)
Mar 30 07:56:52 kernel: [    0.042881] ACPI: Local APIC address 0xfee00000
Mar 30 07:56:52 kernel: [    0.043118] No NUMA configuration found
Mar 30 07:56:52 kernel: [    0.043120] Faking a node at [mem 0x0000000000000000-0x000000016effffff]
Mar 30 07:56:52 kernel: [    0.043128] NODE_DATA(0) allocated [mem 0x16effb000-0x16effffff]
Mar 30 07:56:52 kernel: [    0.043178] Zone ranges:
Mar 30 07:56:52 kernel: [    0.043180]   DMA      [mem 0x0000000000001000-0x0000000000ffffff]
Mar 30 07:56:52 kernel: [    0.043182]   DMA32    [mem 0x0000000001000000-0x00000000ffffffff]
Mar 30 07:56:52 kernel: [    0.043184]   Normal   [mem 0x0000000100000000-0x000000016effffff]
Mar 30 07:56:52 kernel: [    0.043186]   Device   empty
Mar 30 07:56:52 kernel: [    0.043188] Movable zone start for each node
Mar 30 07:56:52 kernel: [    0.043189] Early memory node ranges
Mar 30 07:56:52 kernel: [    0.043191]   node   0: [mem 0x0000000000001000-0x0000000000057fff]
Mar 30 07:56:52 kernel: [    0.043193]   node   0: [mem 0x0000000000059000-0x0000000000085fff]
Mar 30 07:56:52 kernel: [    0.043194]   node   0: [mem 0x0000000000100000-0x00000000756a2fff]
Mar 30 07:56:52 kernel: [    0.043196]   node   0: [mem 0x00000000756ce000-0x0000000075779fff]
Mar 30 07:56:52 kernel: [    0.043197]   node   0: [mem 0x000000007607a000-0x000000008c28efff]
Mar 30 07:56:52 kernel: [    0.043198]   node   0: [mem 0x000000008ceff000-0x000000008cefffff]
Mar 30 07:56:52 kernel: [    0.043199]   node   0: [mem 0x0000000100000000-0x000000016effffff]
Mar 30 07:56:52 kernel: [    0.044015] Zeroed struct page in unavailable ranges: 22295 pages
Mar 30 07:56:52 kernel: [    0.044018] Initmem setup node 0 [mem 0x0000000000001000-0x000000016effffff]
Mar 30 07:56:52 kernel: [    0.044021] On node 0 totalpages: 1026281
Mar 30 07:56:52 kernel: [    0.044024]   DMA zone: 64 pages used for memmap
Mar 30 07:56:52 kernel: [    0.044025]   DMA zone: 22 pages reserved
Mar 30 07:56:52 kernel: [    0.044027]   DMA zone: 3972 pages, LIFO batch:0
Mar 30 07:56:52 kernel: [    0.044248]   DMA32 zone: 8870 pages used for memmap
Mar 30 07:56:52 kernel: [    0.044249]   DMA32 zone: 567653 pages, LIFO batch:63
Mar 30 07:56:52 kernel: [    0.078356]   Normal zone: 7104 pages used for memmap
Mar 30 07:56:52 kernel: [    0.078357]   Normal zone: 454656 pages, LIFO batch:63
Mar 30 07:56:52 kernel: [    0.101353] Reserving Intel graphics memory at [mem 0x8e000000-0x8fffffff]
Mar 30 07:56:52 kernel: [    0.101688] ACPI: PM-Timer IO Port: 0x1808
Mar 30 07:56:52 kernel: [    0.101691] ACPI: Local APIC address 0xfee00000
Mar 30 07:56:52 kernel: [    0.101703] ACPI: LAPIC_NMI (acpi_id[0x01] high edge lint[0x1])
Mar 30 07:56:52 kernel: [    0.101704] ACPI: LAPIC_NMI (acpi_id[0x02] high edge lint[0x1])
Mar 30 07:56:52 kernel: [    0.101706] ACPI: LAPIC_NMI (acpi_id[0x03] high edge lint[0x1])
Mar 30 07:56:52 kernel: [    0.101707] ACPI: LAPIC_NMI (acpi_id[0x04] high edge lint[0x1])
Mar 30 07:56:52 kernel: [    0.101708] ACPI: LAPIC_NMI (acpi_id[0x05] high edge lint[0x1])
Mar 30 07:56:52 kernel: [    0.101709] ACPI: LAPIC_NMI (acpi_id[0x06] high edge lint[0x1])
Mar 30 07:56:52 kernel: [    0.101711] ACPI: LAPIC_NMI (acpi_id[0x07] high edge lint[0x1])
Mar 30 07:56:52 kernel: [    0.101712] ACPI: LAPIC_NMI (acpi_id[0x08] high edge lint[0x1])
Mar 30 07:56:52 kernel: [    0.101748] IOAPIC[0]: apic_id 2, version 32, address 0xfec00000, GSI 0-119
Mar 30 07:56:52 kernel: [    0.101752] ACPI: INT_SRC_OVR (bus 0 bus_irq 0 global_irq 2 dfl dfl)
Mar 30 07:56:52 kernel: [    0.101755] ACPI: INT_SRC_OVR (bus 0 bus_irq 9 global_irq 9 high level)
Mar 30 07:56:52 kernel: [    0.101757] ACPI: IRQ0 used by override.
Mar 30 07:56:52 kernel: [    0.101760] ACPI: IRQ9 used by override.
Mar 30 07:56:52 kernel: [    0.101764] Using ACPI (MADT) for SMP configuration information
Mar 30 07:56:52 kernel: [    0.101767] ACPI: HPET id: 0x8086a201 base: 0xfed00000
Mar 30 07:56:52 kernel: [    0.101780] e820: update [mem 0x7c5a8000-0x7c69bfff] usable ==> reserved
Mar 30 07:56:52 kernel: [    0.101804] [Firmware Bug]: TSC_DEADLINE disabled due to Errata; please update microcode to version: 0xb2 (or later)
Mar 30 07:56:52 kernel: [    0.101810] smpboot: Allowing 4 CPUs, 0 hotplug CPUs
Mar 30 07:56:52 kernel: [    0.101859] PM: Registered nosave memory: [mem 0x00000000-0x00000fff]
Mar 30 07:56:52 kernel: [    0.101863] PM: Registered nosave memory: [mem 0x00058000-0x00058fff]
Mar 30 07:56:52 kernel: [    0.101866] PM: Registered nosave memory: [mem 0x00086000-0x000fffff]
Mar 30 07:56:52 kernel: [    0.101870] PM: Registered nosave memory: [mem 0x756a3000-0x756a3fff]
Mar 30 07:56:52 kernel: [    0.101871] PM: Registered nosave memory: [mem 0x756a4000-0x756cdfff]
Mar 30 07:56:52 kernel: [    0.101874] PM: Registered nosave memory: [mem 0x7577a000-0x76079fff]
Mar 30 07:56:52 kernel: [    0.101878] PM: Registered nosave memory: [mem 0x7c5a8000-0x7c69bfff]
Mar 30 07:56:52 kernel: [    0.101881] PM: Registered nosave memory: [mem 0x8c28f000-0x8c48efff]
Mar 30 07:56:52 kernel: [    0.101882] PM: Registered nosave memory: [mem 0x8c48f000-0x8cc7efff]
Mar 30 07:56:52 kernel: [    0.101884] PM: Registered nosave memory: [mem 0x8cc7f000-0x8ce7efff]
Mar 30 07:56:52 kernel: [    0.101885] PM: Registered nosave memory: [mem 0x8ce7f000-0x8cefefff]
Mar 30 07:56:52 kernel: [    0.101888] PM: Registered nosave memory: [mem 0x8cf00000-0x8fffffff]
Mar 30 07:56:52 kernel: [    0.101890] PM: Registered nosave memory: [mem 0x90000000-0xdfffffff]
Mar 30 07:56:52 kernel: [    0.101891] PM: Registered nosave memory: [mem 0xe0000000-0xefffffff]
Mar 30 07:56:52 kernel: [    0.101892] PM: Registered nosave memory: [mem 0xf0000000-0xfcffffff]
Mar 30 07:56:52 kernel: [    0.101893] PM: Registered nosave memory: [mem 0xfd000000-0xfe7fffff]
Mar 30 07:56:52 kernel: [    0.101894] PM: Registered nosave memory: [mem 0xfe800000-0xfeafffff]
Mar 30 07:56:52 kernel: [    0.101895] PM: Registered nosave memory: [mem 0xfeb00000-0xfeb03fff]
Mar 30 07:56:52 kernel: [    0.101897] PM: Registered nosave memory: [mem 0xfeb04000-0xfebfffff]
Mar 30 07:56:52 kernel: [    0.101898] PM: Registered nosave memory: [mem 0xfec00000-0xfec00fff]
Mar 30 07:56:52 kernel: [    0.101899] PM: Registered nosave memory: [mem 0xfec01000-0xfecfffff]
Mar 30 07:56:52 kernel: [    0.101900] PM: Registered nosave memory: [mem 0xfed00000-0xfed00fff]
Mar 30 07:56:52 kernel: [    0.101901] PM: Registered nosave memory: [mem 0xfed01000-0xfed0ffff]
Mar 30 07:56:52 kernel: [    0.101903] PM: Registered nosave memory: [mem 0xfed10000-0xfed19fff]
Mar 30 07:56:52 kernel: [    0.101904] PM: Registered nosave memory: [mem 0xfed1a000-0xfed83fff]
Mar 30 07:56:52 kernel: [    0.101905] PM: Registered nosave memory: [mem 0xfed84000-0xfed84fff]
Mar 30 07:56:52 kernel: [    0.101906] PM: Registered nosave memory: [mem 0xfed85000-0xfedfffff]
Mar 30 07:56:52 kernel: [    0.101907] PM: Registered nosave memory: [mem 0xfee00000-0xfee00fff]
Mar 30 07:56:52 kernel: [    0.101908] PM: Registered nosave memory: [mem 0xfee01000-0xff9fffff]
Mar 30 07:56:52 kernel: [    0.101910] PM: Registered nosave memory: [mem 0xffa00000-0xffffffff]
Mar 30 07:56:52 kernel: [    0.101913] [mem 0x90000000-0xdfffffff] available for PCI devices
Mar 30 07:56:52 kernel: [    0.101915] Booting paravirtualized kernel on bare hardware
Mar 30 07:56:52 kernel: [    0.101920] clocksource: refined-jiffies: mask: 0xffffffff max_cycles: 0xffffffff, max_idle_ns: 7645519600211568 ns
Mar 30 07:56:52 kernel: [    0.335347] random: get_random_bytes called from start_kernel+0x93/0x52a with crng_init=0
Mar 30 07:56:52 kernel: [    0.335362] setup_percpu: NR_CPUS:512 nr_cpumask_bits:512 nr_cpu_ids:4 nr_node_ids:1
Mar 30 07:56:52 kernel: [    0.335727] percpu: Embedded 45 pages/cpu s144536 r8192 d31592 u524288
Mar 30 07:56:52 kernel: [    0.335743] pcpu-alloc: s144536 r8192 d31592 u524288 alloc=1*2097152
Mar 30 07:56:52 kernel: [    0.335745] pcpu-alloc: [0] 0 1 2 3 
Mar 30 07:56:52 kernel: [    0.335790] Built 1 zonelists, mobility grouping on.  Total pages: 1010221
Mar 30 07:56:52 kernel: [    0.335791] Policy zone: Normal
Mar 30 07:56:52 kernel: [    0.335795] Kernel command line: BOOT_IMAGE=/install.amd/vmlinuz preseed/file=/cdrom/simple-cdd/default.preseed debian-installer/locale=zh_CN console-keymaps-at/keymap=us keyboard-configuration/xkb-keymap=us keyboard-configuration/layout=us vga=788 --- quiet
Mar 30 07:56:52 kernel: [    0.343837] Calgary: detecting Calgary via BIOS EBDA area
Mar 30 07:56:52 kernel: [    0.343840] Calgary: Unable to locate Rio Grande table in EBDA - bailing!
Mar 30 07:56:52 kernel: [    0.361729] Memory: 3831044K/4105124K available (10252K kernel code, 1242K rwdata, 3328K rodata, 1600K init, 2260K bss, 274080K reserved, 0K cma-reserved)
Mar 30 07:56:52 kernel: [    0.361900] SLUB: HWalign=64, Order=0-3, MinObjects=0, CPUs=4, Nodes=1
Mar 30 07:56:52 kernel: [    0.361911] Kernel/User page tables isolation: enabled
Mar 30 07:56:52 kernel: [    0.379083] ftrace: allocating 31978 entries in 125 pages
Mar 30 07:56:52 kernel: [    0.408932] rcu: Hierarchical RCU implementation.
Mar 30 07:56:52 kernel: [    0.408935] rcu: 	RCU restricting CPUs from NR_CPUS=512 to nr_cpu_ids=4.
Mar 30 07:56:52 kernel: [    0.408937] rcu: Adjusting geometry for rcu_fanout_leaf=16, nr_cpu_ids=4
Mar 30 07:56:52 kernel: [    0.415074] NR_IRQS: 33024, nr_irqs: 1024, preallocated irqs: 16
Mar 30 07:56:52 kernel: [    0.415497] Console: colour dummy device 80x25
Mar 30 07:56:52 kernel: [    0.415512] console [tty0] enabled
Mar 30 07:56:52 kernel: [    0.415543] ACPI: Core revision 20180810
Mar 30 07:56:52 kernel: [    0.416275] clocksource: hpet: mask: 0xffffffff max_cycles: 0xffffffff, max_idle_ns: 79635855245 ns
Mar 30 07:56:52 kernel: [    0.416311] hpet clockevent registered
Mar 30 07:56:52 kernel: [    0.416366] APIC: Switch to symmetric I/O mode setup
Mar 30 07:56:52 kernel: [    0.416370] DMAR: Host address width 39
Mar 30 07:56:52 kernel: [    0.416372] DMAR: DRHD base: 0x000000fed90000 flags: 0x0
Mar 30 07:56:52 kernel: [    0.416385] DMAR: dmar0: reg_base_addr fed90000 ver 1:0 cap 1c0000c40660462 ecap 7e3ff0505e
Mar 30 07:56:52 kernel: [    0.416387] DMAR: DRHD base: 0x000000fed91000 flags: 0x1
Mar 30 07:56:52 kernel: [    0.416396] DMAR: dmar1: reg_base_addr fed91000 ver 1:0 cap d2008c40660462 ecap f050da
Mar 30 07:56:52 kernel: [    0.416397] DMAR: RMRR base: 0x0000008cb7b000 end: 0x0000008cb9afff
Mar 30 07:56:52 kernel: [    0.416399] DMAR: RMRR base: 0x0000008d800000 end: 0x0000008fffffff
Mar 30 07:56:52 kernel: [    0.416401] DMAR: ANDD device: 1 name: \_SB.PCI0.I2C0
Mar 30 07:56:52 kernel: [    0.416403] DMAR: ANDD device: 2 name: \_SB.PCI0.I2C1
Mar 30 07:56:52 kernel: [    0.416406] DMAR-IR: IOAPIC id 2 under DRHD base  0xfed91000 IOMMU 1
Mar 30 07:56:52 kernel: [    0.416408] DMAR-IR: HPET id 0 under DRHD base 0xfed91000
Mar 30 07:56:52 kernel: [    0.416409] DMAR-IR: x2apic is disabled because BIOS sets x2apic opt out bit.
Mar 30 07:56:52 kernel: [    0.416410] DMAR-IR: Use 'intremap=no_x2apic_optout' to override the BIOS setting.
Mar 30 07:56:52 kernel: [    0.418256] DMAR-IR: Enabled IRQ remapping in xapic mode
Mar 30 07:56:52 kernel: [    0.418257] x2apic: IRQ remapping doesn't support X2APIC mode
Mar 30 07:56:52 kernel: [    0.422417] ..TIMER: vector=0x30 apic1=0 pin1=2 apic2=-1 pin2=-1
Mar 30 07:56:52 kernel: [    0.440330] clocksource: tsc-early: mask: 0xffffffffffffffff max_cycles: 0x15cb6aaa5cc, max_idle_ns: 440795251989 ns
Mar 30 07:56:52 kernel: [    0.440357] Calibrating delay loop (skipped), value calculated using timer frequency.. 3024.00 BogoMIPS (lpj=6048000)
Mar 30 07:56:52 kernel: [    0.440361] pid_max: default: 32768 minimum: 301
Mar 30 07:56:52 kernel: [    0.443785] Security Framework initialized
Mar 30 07:56:52 kernel: [    0.443789] Yama: disabled by default; enable with sysctl kernel.yama.*
Mar 30 07:56:52 kernel: [    0.443825] AppArmor: AppArmor initialized
Mar 30 07:56:52 kernel: [    0.444821] Dentry cache hash table entries: 524288 (order: 10, 4194304 bytes)
Mar 30 07:56:52 kernel: [    0.445329] Inode-cache hash table entries: 262144 (order: 9, 2097152 bytes)
Mar 30 07:56:52 kernel: [    0.445360] Mount-cache hash table entries: 8192 (order: 4, 65536 bytes)
Mar 30 07:56:52 kernel: [    0.445377] Mountpoint-cache hash table entries: 8192 (order: 4, 65536 bytes)
Mar 30 07:56:52 kernel: [    0.445800] ENERGY_PERF_BIAS: Set to 'normal', was 'performance'
Mar 30 07:56:52 kernel: [    0.445801] ENERGY_PERF_BIAS: View and update with x86_energy_perf_policy(8)
Mar 30 07:56:52 kernel: [    0.445834] CPU0: Thermal monitoring enabled (TM1)
Mar 30 07:56:52 kernel: [    0.445868] process: using mwait in idle threads
Mar 30 07:56:52 kernel: [    0.445874] Last level iTLB entries: 4KB 64, 2MB 8, 4MB 8
Mar 30 07:56:52 kernel: [    0.445875] Last level dTLB entries: 4KB 64, 2MB 0, 4MB 0, 1GB 4
Mar 30 07:56:52 kernel: [    0.445877] Spectre V1 : Mitigation: usercopy/swapgs barriers and __user pointer sanitization
Mar 30 07:56:52 kernel: [    0.445881] Spectre V2 : Mitigation: Full generic retpoline
Mar 30 07:56:52 kernel: [    0.445882] Spectre V2 : Spectre v2 / SpectreRSB mitigation: Filling RSB on context switch
Mar 30 07:56:52 kernel: [    0.445883] Speculative Store Bypass: Vulnerable
Mar 30 07:56:52 kernel: [    0.445945] SRBDS: Vulnerable: No microcode
Mar 30 07:56:52 kernel: [    0.445946] MDS: Vulnerable: Clear CPU buffers attempted, no microcode
Mar 30 07:56:52 kernel: [    0.454450] Freeing SMP alternatives memory: 24K
Mar 30 07:56:52 kernel: [    0.573039] smpboot: CPU0: Intel(R) Core(TM) m3-6Y30 CPU @ 0.90GHz (family: 0x6, model: 0x4e, stepping: 0x3)
Mar 30 07:56:52 kernel: [    0.573219] Performance Events: PEBS fmt3+, Skylake events, 32-deep LBR, full-width counters, Intel PMU driver.
Mar 30 07:56:52 kernel: [    0.573285] ... version:                4
Mar 30 07:56:52 kernel: [    0.573286] ... bit width:              48
Mar 30 07:56:52 kernel: [    0.573287] ... generic registers:      4
Mar 30 07:56:52 kernel: [    0.573289] ... value mask:             0000ffffffffffff
Mar 30 07:56:52 kernel: [    0.573290] ... max period:             00007fffffffffff
Mar 30 07:56:52 kernel: [    0.573291] ... fixed-purpose events:   3
Mar 30 07:56:52 kernel: [    0.573292] ... event mask:             000000070000000f
Mar 30 07:56:52 kernel: [    0.573375] rcu: Hierarchical SRCU implementation.
Mar 30 07:56:52 kernel: [    0.574188] random: crng done (trusting CPU's manufacturer)
Mar 30 07:56:52 kernel: [    0.574826] NMI watchdog: Enabled. Permanently consumes one hw-PMU counter.
Mar 30 07:56:52 kernel: [    0.574909] smp: Bringing up secondary CPUs ...
Mar 30 07:56:52 kernel: [    0.575042] x86: Booting SMP configuration:
Mar 30 07:56:52 kernel: [    0.575044] .... node  #0, CPUs:      #1 #2
Mar 30 07:56:52 kernel: [    0.576696] MDS CPU bug present and SMT on, data leak possible. See https://www.kernel.org/doc/html/latest/admin-guide/hw-vuln/mds.html for more details.
Mar 30 07:56:52 kernel: [    0.576696]  #3
Mar 30 07:56:52 kernel: [    0.577525] smp: Brought up 1 node, 4 CPUs
Mar 30 07:56:52 kernel: [    0.577525] smpboot: Max logical packages: 1
Mar 30 07:56:52 kernel: [    0.577525] smpboot: Total of 4 processors activated (12096.00 BogoMIPS)
Mar 30 07:56:52 kernel: [    0.584441] devtmpfs: initialized
Mar 30 07:56:52 kernel: [    0.584441] x86/mm: Memory block size: 128MB
Mar 30 07:56:52 kernel: [    0.585294] PM: Registering ACPI NVS region [mem 0x756a3000-0x756a3fff] (4096 bytes)
Mar 30 07:56:52 kernel: [    0.585294] PM: Registering ACPI NVS region [mem 0x8cc7f000-0x8ce7efff] (2097152 bytes)
Mar 30 07:56:52 kernel: [    0.585294] clocksource: jiffies: mask: 0xffffffff max_cycles: 0xffffffff, max_idle_ns: 7645041785100000 ns
Mar 30 07:56:52 kernel: [    0.585294] futex hash table entries: 1024 (order: 4, 65536 bytes)
Mar 30 07:56:52 kernel: [    0.585294] pinctrl core: initialized pinctrl subsystem
Mar 30 07:56:52 kernel: [    0.585294] NET: Registered protocol family 16
Mar 30 07:56:52 kernel: [    0.585294] audit: initializing netlink subsys (disabled)
Mar 30 07:56:52 kernel: [    0.585294] audit: type=2000 audit(1617091008.168:1): state=initialized audit_enabled=0 res=1
Mar 30 07:56:52 kernel: [    0.585294] cpuidle: using governor ladder
Mar 30 07:56:52 kernel: [    0.585294] cpuidle: using governor menu
Mar 30 07:56:52 kernel: [    0.585294] Simple Boot Flag at 0x44 set to 0x1
Mar 30 07:56:52 kernel: [    0.585294] ACPI FADT declares the system doesn't support PCIe ASPM, so disable it
Mar 30 07:56:52 kernel: [    0.585294] ACPI: bus type PCI registered
Mar 30 07:56:52 kernel: [    0.585294] acpiphp: ACPI Hot Plug PCI Controller Driver version: 0.5
Mar 30 07:56:52 kernel: [    0.585294] PCI: MMCONFIG for domain 0000 [bus 00-ff] at [mem 0xe0000000-0xefffffff] (base 0xe0000000)
Mar 30 07:56:52 kernel: [    0.585294] PCI: MMCONFIG at [mem 0xe0000000-0xefffffff] reserved in E820
Mar 30 07:56:52 kernel: [    0.585294] pmd_set_huge: Cannot satisfy [mem 0xe0000000-0xe0200000] with a huge-page mapping due to MTRR override.
Mar 30 07:56:52 kernel: [    0.585294] PCI: Using configuration type 1 for base access
Mar 30 07:56:52 kernel: [    0.588976] HugeTLB registered 1.00 GiB page size, pre-allocated 0 pages
Mar 30 07:56:52 kernel: [    0.588976] HugeTLB registered 2.00 MiB page size, pre-allocated 0 pages
Mar 30 07:56:52 kernel: [    0.588976] ACPI: Added _OSI(Module Device)
Mar 30 07:56:52 kernel: [    0.588976] ACPI: Added _OSI(Processor Device)
Mar 30 07:56:52 kernel: [    0.588976] ACPI: Added _OSI(3.0 _SCP Extensions)
Mar 30 07:56:52 kernel: [    0.588976] ACPI: Added _OSI(Processor Aggregator Device)
Mar 30 07:56:52 kernel: [    0.588976] ACPI: Added _OSI(Linux-Dell-Video)
Mar 30 07:56:52 kernel: [    0.588976] ACPI: Added _OSI(Linux-Lenovo-NV-HDMI-Audio)
Mar 30 07:56:52 kernel: [    0.655668] ACPI: 10 ACPI AML tables successfully acquired and loaded
Mar 30 07:56:52 kernel: [    0.662828] ACPI: [Firmware Bug]: BIOS _OSI(Linux) query ignored
Mar 30 07:56:52 kernel: [    0.670407] ACPI: Dynamic OEM Table Load:
Mar 30 07:56:52 kernel: [    0.670440] ACPI: SSDT 0xFFFF945EE9482800 000492 (v02 PmRef  Cpu0Ist  00003000 INTL 20160108)
Mar 30 07:56:52 kernel: [    0.671383] ACPI: \_PR_.CPU0: _OSC native thermal LVT Acked
Mar 30 07:56:52 kernel: [    0.673635] ACPI: Dynamic OEM Table Load:
Mar 30 07:56:52 kernel: [    0.673652] ACPI: SSDT 0xFFFF945EE96B6C00 00037F (v02 PmRef  Cpu0Cst  00003001 INTL 20160108)
Mar 30 07:56:52 kernel: [    0.674584] ACPI: Dynamic OEM Table Load:
Mar 30 07:56:52 kernel: [    0.674598] ACPI: SSDT 0xFFFF945EE94AE600 00008E (v02 PmRef  Cpu0Hwp  00003000 INTL 20160108)
Mar 30 07:56:52 kernel: [    0.675267] ACPI: Dynamic OEM Table Load:
Mar 30 07:56:52 kernel: [    0.675280] ACPI: SSDT 0xFFFF945EE96B2A00 000130 (v02 PmRef  HwpLvt   00003000 INTL 20160108)
Mar 30 07:56:52 kernel: [    0.676868] ACPI: Dynamic OEM Table Load:
Mar 30 07:56:52 kernel: [    0.676886] ACPI: SSDT 0xFFFF945EE9481000 0005AA (v02 PmRef  ApIst    00003000 INTL 20160108)
Mar 30 07:56:52 kernel: [    0.678258] ACPI: Dynamic OEM Table Load:
Mar 30 07:56:52 kernel: [    0.678272] ACPI: SSDT 0xFFFF945EE96B3C00 000119 (v02 PmRef  ApHwp    00003000 INTL 20160108)
Mar 30 07:56:52 kernel: [    0.679149] ACPI: Dynamic OEM Table Load:
Mar 30 07:56:52 kernel: [    0.679162] ACPI: SSDT 0xFFFF945EE96B3E00 000119 (v02 PmRef  ApCst    00003000 INTL 20160108)
Mar 30 07:56:52 kernel: [    0.683863] ACPI: Interpreter enabled
Mar 30 07:56:52 kernel: [    0.683966] ACPI: (supports S0 S3 S4 S5)
Mar 30 07:56:52 kernel: [    0.683967] ACPI: Using IOAPIC for interrupt routing
Mar 30 07:56:52 kernel: [    0.684049] PCI: Using host bridge windows from ACPI; if necessary, use "pci=nocrs" and report a bug
Mar 30 07:56:52 kernel: [    0.685296] ACPI: Enabled 10 GPEs in block 00 to 7F
Mar 30 07:56:52 kernel: [    0.686925] ACPI: Power Resource [PG00] (on)
Mar 30 07:56:52 kernel: [    0.687674] ACPI: Power Resource [PG01] (on)
Mar 30 07:56:52 kernel: [    0.688404] ACPI: Power Resource [PG02] (on)
Mar 30 07:56:52 kernel: [    0.724324] ACPI: Power Resource [FN00] (on)
Mar 30 07:56:52 kernel: [    0.726452] ACPI: PCI Root Bridge [PCI0] (domain 0000 [bus 00-fe])
Mar 30 07:56:52 kernel: [    0.726464] acpi PNP0A08:00: _OSC: OS supports [ExtendedConfig ASPM ClockPM Segments MSI]
Mar 30 07:56:52 kernel: [    0.726536] acpi PNP0A08:00: _OSC failed (AE_ERROR); disabling ASPM
Mar 30 07:56:52 kernel: [    0.730564] PCI host bridge to bus 0000:00
Mar 30 07:56:52 kernel: [    0.730568] pci_bus 0000:00: root bus resource [io  0x0000-0x0cf7 window]
Mar 30 07:56:52 kernel: [    0.730571] pci_bus 0000:00: root bus resource [io  0x0d00-0xffff window]
Mar 30 07:56:52 kernel: [    0.730574] pci_bus 0000:00: root bus resource [mem 0x000a0000-0x000bffff window]
Mar 30 07:56:52 kernel: [    0.730576] pci_bus 0000:00: root bus resource [mem 0x000c0000-0x000c3fff window]
Mar 30 07:56:52 kernel: [    0.730578] pci_bus 0000:00: root bus resource [mem 0x000c4000-0x000c7fff window]
Mar 30 07:56:52 kernel: [    0.730580] pci_bus 0000:00: root bus resource [mem 0x000c8000-0x000cbfff window]
Mar 30 07:56:52 kernel: [    0.730582] pci_bus 0000:00: root bus resource [mem 0x000cc000-0x000cffff window]
Mar 30 07:56:52 kernel: [    0.730585] pci_bus 0000:00: root bus resource [mem 0x000d0000-0x000d3fff window]
Mar 30 07:56:52 kernel: [    0.730587] pci_bus 0000:00: root bus resource [mem 0x000d4000-0x000d7fff window]
Mar 30 07:56:52 kernel: [    0.730589] pci_bus 0000:00: root bus resource [mem 0x000d8000-0x000dbfff window]
Mar 30 07:56:52 kernel: [    0.730591] pci_bus 0000:00: root bus resource [mem 0x000dc000-0x000dffff window]
Mar 30 07:56:52 kernel: [    0.730593] pci_bus 0000:00: root bus resource [mem 0x000e0000-0x000e3fff window]
Mar 30 07:56:52 kernel: [    0.730595] pci_bus 0000:00: root bus resource [mem 0x000e4000-0x000e7fff window]
Mar 30 07:56:52 kernel: [    0.730597] pci_bus 0000:00: root bus resource [mem 0x000e8000-0x000ebfff window]
Mar 30 07:56:52 kernel: [    0.730599] pci_bus 0000:00: root bus resource [mem 0x000ec000-0x000effff window]
Mar 30 07:56:52 kernel: [    0.730601] pci_bus 0000:00: root bus resource [mem 0x000f0000-0x000fffff window]
Mar 30 07:56:52 kernel: [    0.730604] pci_bus 0000:00: root bus resource [mem 0x90000000-0xdfffffff window]
Mar 30 07:56:52 kernel: [    0.730609] pci_bus 0000:00: root bus resource [mem 0xfd000000-0xfe7fffff window]
Mar 30 07:56:52 kernel: [    0.730611] pci_bus 0000:00: root bus resource [bus 00-fe]
Mar 30 07:56:52 kernel: [    0.730637] pci 0000:00:00.0: [8086:190c] type 00 class 0x060000
Mar 30 07:56:52 kernel: [    0.732269] pci 0000:00:02.0: [8086:191e] type 00 class 0x030000
Mar 30 07:56:52 kernel: [    0.732295] pci 0000:00:02.0: reg 0x10: [mem 0xb0000000-0xb0ffffff 64bit]
Mar 30 07:56:52 kernel: [    0.732308] pci 0000:00:02.0: reg 0x18: [mem 0xa0000000-0xafffffff 64bit pref]
Mar 30 07:56:52 kernel: [    0.732317] pci 0000:00:02.0: reg 0x20: [io  0x3000-0x303f]
Mar 30 07:56:52 kernel: [    0.732360] pci 0000:00:02.0: BAR 2: assigned to efifb
Mar 30 07:56:52 kernel: [    0.733975] pci 0000:00:04.0: [8086:1903] type 00 class 0x118000
Mar 30 07:56:52 kernel: [    0.734002] pci 0000:00:04.0: reg 0x10: [mem 0xb1120000-0xb1127fff 64bit]
Mar 30 07:56:52 kernel: [    0.735742] pci 0000:00:14.0: [8086:9d2f] type 00 class 0x0c0330
Mar 30 07:56:52 kernel: [    0.735782] pci 0000:00:14.0: reg 0x10: [mem 0xb1100000-0xb110ffff 64bit]
Mar 30 07:56:52 kernel: [    0.735900] pci 0000:00:14.0: PME# supported from D3hot D3cold
Mar 30 07:56:52 kernel: [    0.737791] pci 0000:00:15.0: [8086:9d60] type 00 class 0x118000
Mar 30 07:56:52 kernel: [    0.738060] pci 0000:00:15.0: reg 0x10: [mem 0xb1132000-0xb1132fff 64bit]
Mar 30 07:56:52 kernel: [    0.740610] pci 0000:00:15.1: [8086:9d61] type 00 class 0x118000
Mar 30 07:56:52 kernel: [    0.740879] pci 0000:00:15.1: reg 0x10: [mem 0xb1133000-0xb1133fff 64bit]
Mar 30 07:56:52 kernel: [    0.743326] pci 0000:00:16.0: [8086:9d3a] type 00 class 0x078000
Mar 30 07:56:52 kernel: [    0.743361] pci 0000:00:16.0: reg 0x10: [mem 0xb1134000-0xb1134fff 64bit]
Mar 30 07:56:52 kernel: [    0.743466] pci 0000:00:16.0: PME# supported from D3hot
Mar 30 07:56:52 kernel: [    0.745107] pci 0000:00:17.0: [8086:9d03] type 00 class 0x010601
Mar 30 07:56:52 kernel: [    0.745137] pci 0000:00:17.0: reg 0x10: [mem 0xb1130000-0xb1131fff]
Mar 30 07:56:52 kernel: [    0.745150] pci 0000:00:17.0: reg 0x14: [mem 0xb1137000-0xb11370ff]
Mar 30 07:56:52 kernel: [    0.745162] pci 0000:00:17.0: reg 0x18: [io  0x3080-0x3087]
Mar 30 07:56:52 kernel: [    0.745175] pci 0000:00:17.0: reg 0x1c: [io  0x3088-0x308b]
Mar 30 07:56:52 kernel: [    0.745186] pci 0000:00:17.0: reg 0x20: [io  0x3060-0x307f]
Mar 30 07:56:52 kernel: [    0.745198] pci 0000:00:17.0: reg 0x24: [mem 0xb1135000-0xb11357ff]
Mar 30 07:56:52 kernel: [    0.745270] pci 0000:00:17.0: PME# supported from D3hot
Mar 30 07:56:52 kernel: [    0.746904] pci 0000:00:1d.0: [8086:9d18] type 01 class 0x060400
Mar 30 07:56:52 kernel: [    0.747048] pci 0000:00:1d.0: PME# supported from D0 D3hot D3cold
Mar 30 07:56:52 kernel: [    0.748786] pci 0000:00:1f.0: [8086:9d46] type 00 class 0x060100
Mar 30 07:56:52 kernel: [    0.750556] pci 0000:00:1f.2: [8086:9d21] type 00 class 0x058000
Mar 30 07:56:52 kernel: [    0.750582] pci 0000:00:1f.2: reg 0x10: [mem 0xb112c000-0xb112ffff]
Mar 30 07:56:52 kernel: [    0.752276] pci 0000:00:1f.3: [8086:9d70] type 00 class 0x040300
Mar 30 07:56:52 kernel: [    0.752318] pci 0000:00:1f.3: reg 0x10: [mem 0xb1128000-0xb112bfff 64bit]
Mar 30 07:56:52 kernel: [    0.752366] pci 0000:00:1f.3: reg 0x20: [mem 0xb1110000-0xb111ffff 64bit]
Mar 30 07:56:52 kernel: [    0.752441] pci 0000:00:1f.3: PME# supported from D3hot D3cold
Mar 30 07:56:52 kernel: [    0.754168] pci 0000:00:1f.4: [8086:9d23] type 00 class 0x0c0500
Mar 30 07:56:52 kernel: [    0.754232] pci 0000:00:1f.4: reg 0x10: [mem 0xb1136000-0xb11360ff 64bit]
Mar 30 07:56:52 kernel: [    0.754304] pci 0000:00:1f.4: reg 0x20: [io  0x3040-0x305f]
Mar 30 07:56:52 kernel: [    0.756137] pci 0000:01:00.0: [8086:24f3] type 00 class 0x028000
Mar 30 07:56:52 kernel: [    0.756221] pci 0000:01:00.0: reg 0x10: [mem 0xb1000000-0xb1001fff 64bit]
Mar 30 07:56:52 kernel: [    0.756530] pci 0000:01:00.0: PME# supported from D0 D3hot D3cold
Mar 30 07:56:52 kernel: [    0.756903] pci 0000:00:1d.0: PCI bridge to [bus 01]
Mar 30 07:56:52 kernel: [    0.756911] pci 0000:00:1d.0:   bridge window [mem 0xb1000000-0xb10fffff]
Mar 30 07:56:52 kernel: [    0.760807] ACPI: PCI Interrupt Link [LNKA] (IRQs 3 4 5 6 10 *11 12 14 15)
Mar 30 07:56:52 kernel: [    0.760915] ACPI: PCI Interrupt Link [LNKB] (IRQs 3 4 5 6 *10 11 12 14 15)
Mar 30 07:56:52 kernel: [    0.761018] ACPI: PCI Interrupt Link [LNKC] (IRQs 3 4 5 6 10 *11 12 14 15)
Mar 30 07:56:52 kernel: [    0.761120] ACPI: PCI Interrupt Link [LNKD] (IRQs 3 4 5 6 10 *11 12 14 15)
Mar 30 07:56:52 kernel: [    0.761222] ACPI: PCI Interrupt Link [LNKE] (IRQs 3 4 5 6 10 *11 12 14 15)
Mar 30 07:56:52 kernel: [    0.761323] ACPI: PCI Interrupt Link [LNKF] (IRQs 3 4 5 6 10 *11 12 14 15)
Mar 30 07:56:52 kernel: [    0.761424] ACPI: PCI Interrupt Link [LNKG] (IRQs 3 4 5 6 10 *11 12 14 15)
Mar 30 07:56:52 kernel: [    0.761525] ACPI: PCI Interrupt Link [LNKH] (IRQs 3 4 5 6 10 *11 12 14 15)
Mar 30 07:56:52 kernel: [    0.762410] pci 0000:00:02.0: vgaarb: setting as boot VGA device
Mar 30 07:56:52 kernel: [    0.762410] pci 0000:00:02.0: vgaarb: VGA device added: decodes=io+mem,owns=io+mem,locks=none
Mar 30 07:56:52 kernel: [    0.762410] pci 0000:00:02.0: vgaarb: bridge control possible
Mar 30 07:56:52 kernel: [    0.762410] vgaarb: loaded
Mar 30 07:56:52 kernel: [    0.762410] pps_core: LinuxPPS API ver. 1 registered
Mar 30 07:56:52 kernel: [    0.762410] pps_core: Software ver. 5.3.6 - Copyright 2005-2007 Rodolfo Giometti <giometti@linux.it>
Mar 30 07:56:52 kernel: [    0.762410] PTP clock support registered
Mar 30 07:56:52 kernel: [    0.762410] EDAC MC: Ver: 3.0.0
Mar 30 07:56:52 kernel: [    0.762410] Registered efivars operations
Mar 30 07:56:52 kernel: [    0.762410] PCI: Using ACPI for IRQ routing
Mar 30 07:56:52 kernel: [    0.791854] PCI: pci_cache_line_size set to 64 bytes
Mar 30 07:56:52 kernel: [    0.792010] e820: reserve RAM buffer [mem 0x00058000-0x0005ffff]
Mar 30 07:56:52 kernel: [    0.792012] e820: reserve RAM buffer [mem 0x00086000-0x0008ffff]
Mar 30 07:56:52 kernel: [    0.792014] e820: reserve RAM buffer [mem 0x756a3000-0x77ffffff]
Mar 30 07:56:52 kernel: [    0.792016] e820: reserve RAM buffer [mem 0x7577a000-0x77ffffff]
Mar 30 07:56:52 kernel: [    0.792018] e820: reserve RAM buffer [mem 0x7c5a8000-0x7fffffff]
Mar 30 07:56:52 kernel: [    0.792020] e820: reserve RAM buffer [mem 0x8c28f000-0x8fffffff]
Mar 30 07:56:52 kernel: [    0.792022] e820: reserve RAM buffer [mem 0x8cf00000-0x8fffffff]
Mar 30 07:56:52 kernel: [    0.792024] e820: reserve RAM buffer [mem 0x16f000000-0x16fffffff]
Mar 30 07:56:52 kernel: [    0.792509] hpet0: at MMIO 0xfed00000, IRQs 2, 8, 0, 0, 0, 0, 0, 0
Mar 30 07:56:52 kernel: [    0.792517] hpet0: 8 comparators, 64-bit 24.000000 MHz counter
Mar 30 07:56:52 kernel: [    0.792517] clocksource: Switched to clocksource tsc-early
Mar 30 07:56:52 kernel: [    0.810083] VFS: Disk quotas dquot_6.6.0
Mar 30 07:56:52 kernel: [    0.810110] VFS: Dquot-cache hash table entries: 512 (order 0, 4096 bytes)
Mar 30 07:56:52 kernel: [    0.810293] AppArmor: AppArmor Filesystem Enabled
Mar 30 07:56:52 kernel: [    0.810319] pnp: PnP ACPI init
Mar 30 07:56:52 kernel: [    0.810691] system 00:00: [mem 0xfd000000-0xfdabffff] has been reserved
Mar 30 07:56:52 kernel: [    0.810695] system 00:00: [mem 0xfdad0000-0xfdadffff] has been reserved
Mar 30 07:56:52 kernel: [    0.810698] system 00:00: [mem 0xfdb00000-0xfdffffff] has been reserved
Mar 30 07:56:52 kernel: [    0.810703] system 00:00: [mem 0xfe000000-0xfe01ffff] has been reserved
Mar 30 07:56:52 kernel: [    0.810705] system 00:00: [mem 0xfe036000-0xfe03bfff] has been reserved
Mar 30 07:56:52 kernel: [    0.810708] system 00:00: [mem 0xfe03d000-0xfe3fffff] has been reserved
Mar 30 07:56:52 kernel: [    0.810711] system 00:00: [mem 0xfe410000-0xfe7fffff] has been reserved
Mar 30 07:56:52 kernel: [    0.810720] system 00:00: Plug and Play ACPI device, IDs PNP0c02 (active)
Mar 30 07:56:52 kernel: [    0.811396] system 00:01: [io  0x2000-0x20fe] has been reserved
Mar 30 07:56:52 kernel: [    0.811403] system 00:01: Plug and Play ACPI device, IDs PNP0c02 (active)
Mar 30 07:56:52 kernel: [    0.811909] system 00:02: [io  0x0680-0x069f] has been reserved
Mar 30 07:56:52 kernel: [    0.811912] system 00:02: [io  0xffff] has been reserved
Mar 30 07:56:52 kernel: [    0.811914] system 00:02: [io  0xffff] has been reserved
Mar 30 07:56:52 kernel: [    0.811917] system 00:02: [io  0xffff] has been reserved
Mar 30 07:56:52 kernel: [    0.811919] system 00:02: [io  0x1800-0x18fe] has been reserved
Mar 30 07:56:52 kernel: [    0.811922] system 00:02: [io  0x164e-0x164f] has been reserved
Mar 30 07:56:52 kernel: [    0.811928] system 00:02: Plug and Play ACPI device, IDs PNP0c02 (active)
Mar 30 07:56:52 kernel: [    0.812144] pnp 00:03: Plug and Play ACPI device, IDs PNP0b00 (active)
Mar 30 07:56:52 kernel: [    0.812218] system 00:04: [io  0x1854-0x1857] has been reserved
Mar 30 07:56:52 kernel: [    0.812225] system 00:04: Plug and Play ACPI device, IDs INT3f0d PNP0c02 (active)
Mar 30 07:56:52 kernel: [    0.812268] pnp 00:05: Plug and Play ACPI device, IDs PNP0303 (active)
Mar 30 07:56:52 kernel: [    0.814857] system 00:06: Plug and Play ACPI device, IDs PNP0c02 (active)
Mar 30 07:56:52 kernel: [    0.815951] system 00:07: [mem 0xfed10000-0xfed17fff] has been reserved
Mar 30 07:56:52 kernel: [    0.815954] system 00:07: [mem 0xfed18000-0xfed18fff] has been reserved
Mar 30 07:56:52 kernel: [    0.815956] system 00:07: [mem 0xfed19000-0xfed19fff] has been reserved
Mar 30 07:56:52 kernel: [    0.815959] system 00:07: [mem 0xe0000000-0xefffffff] has been reserved
Mar 30 07:56:52 kernel: [    0.815961] system 00:07: [mem 0xfed20000-0xfed3ffff] has been reserved
Mar 30 07:56:52 kernel: [    0.815964] system 00:07: [mem 0xfed90000-0xfed93fff] could not be reserved
Mar 30 07:56:52 kernel: [    0.815967] system 00:07: [mem 0xfed45000-0xfed8ffff] could not be reserved
Mar 30 07:56:52 kernel: [    0.815970] system 00:07: [mem 0xff000000-0xffffffff] could not be reserved
Mar 30 07:56:52 kernel: [    0.815973] system 00:07: [mem 0xfee00000-0xfeefffff] could not be reserved
Mar 30 07:56:52 kernel: [    0.815975] system 00:07: [mem 0x90000000-0x9001ffff] has been reserved
Mar 30 07:56:52 kernel: [    0.815982] system 00:07: Plug and Play ACPI device, IDs PNP0c02 (active)
Mar 30 07:56:52 kernel: [    0.816579] pnp: PnP ACPI: found 8 devices
Mar 30 07:56:52 kernel: [    0.823497] clocksource: acpi_pm: mask: 0xffffff max_cycles: 0xffffff, max_idle_ns: 2085701024 ns
Mar 30 07:56:52 kernel: [    0.823513] pci 0000:00:1d.0: PCI bridge to [bus 01]
Mar 30 07:56:52 kernel: [    0.823529] pci 0000:00:1d.0:   bridge window [mem 0xb1000000-0xb10fffff]
Mar 30 07:56:52 kernel: [    0.823551] pci_bus 0000:00: resource 4 [io  0x0000-0x0cf7 window]
Mar 30 07:56:52 kernel: [    0.823553] pci_bus 0000:00: resource 5 [io  0x0d00-0xffff window]
Mar 30 07:56:52 kernel: [    0.823556] pci_bus 0000:00: resource 6 [mem 0x000a0000-0x000bffff window]
Mar 30 07:56:52 kernel: [    0.823558] pci_bus 0000:00: resource 7 [mem 0x000c0000-0x000c3fff window]
Mar 30 07:56:52 kernel: [    0.823560] pci_bus 0000:00: resource 8 [mem 0x000c4000-0x000c7fff window]
Mar 30 07:56:52 kernel: [    0.823562] pci_bus 0000:00: resource 9 [mem 0x000c8000-0x000cbfff window]
Mar 30 07:56:52 kernel: [    0.823564] pci_bus 0000:00: resource 10 [mem 0x000cc000-0x000cffff window]
Mar 30 07:56:52 kernel: [    0.823566] pci_bus 0000:00: resource 11 [mem 0x000d0000-0x000d3fff window]
Mar 30 07:56:52 kernel: [    0.823569] pci_bus 0000:00: resource 12 [mem 0x000d4000-0x000d7fff window]
Mar 30 07:56:52 kernel: [    0.823571] pci_bus 0000:00: resource 13 [mem 0x000d8000-0x000dbfff window]
Mar 30 07:56:52 kernel: [    0.823573] pci_bus 0000:00: resource 14 [mem 0x000dc000-0x000dffff window]
Mar 30 07:56:52 kernel: [    0.823575] pci_bus 0000:00: resource 15 [mem 0x000e0000-0x000e3fff window]
Mar 30 07:56:52 kernel: [    0.823577] pci_bus 0000:00: resource 16 [mem 0x000e4000-0x000e7fff window]
Mar 30 07:56:52 kernel: [    0.823579] pci_bus 0000:00: resource 17 [mem 0x000e8000-0x000ebfff window]
Mar 30 07:56:52 kernel: [    0.823581] pci_bus 0000:00: resource 18 [mem 0x000ec000-0x000effff window]
Mar 30 07:56:52 kernel: [    0.823583] pci_bus 0000:00: resource 19 [mem 0x000f0000-0x000fffff window]
Mar 30 07:56:52 kernel: [    0.823586] pci_bus 0000:00: resource 20 [mem 0x90000000-0xdfffffff window]
Mar 30 07:56:52 kernel: [    0.823588] pci_bus 0000:00: resource 21 [mem 0xfd000000-0xfe7fffff window]
Mar 30 07:56:52 kernel: [    0.823591] pci_bus 0000:01: resource 1 [mem 0xb1000000-0xb10fffff]
Mar 30 07:56:52 kernel: [    0.823880] NET: Registered protocol family 2
Mar 30 07:56:52 kernel: [    0.824151] tcp_listen_portaddr_hash hash table entries: 2048 (order: 3, 32768 bytes)
Mar 30 07:56:52 kernel: [    0.824186] TCP established hash table entries: 32768 (order: 6, 262144 bytes)
Mar 30 07:56:52 kernel: [    0.824296] TCP bind hash table entries: 32768 (order: 7, 524288 bytes)
Mar 30 07:56:52 kernel: [    0.824392] TCP: Hash tables configured (established 32768 bind 32768)
Mar 30 07:56:52 kernel: [    0.824437] UDP hash table entries: 2048 (order: 4, 65536 bytes)
Mar 30 07:56:52 kernel: [    0.824459] UDP-Lite hash table entries: 2048 (order: 4, 65536 bytes)
Mar 30 07:56:52 kernel: [    0.824542] NET: Registered protocol family 1
Mar 30 07:56:52 kernel: [    0.824550] NET: Registered protocol family 44
Mar 30 07:56:52 kernel: [    0.824569] pci 0000:00:02.0: Video device with shadowed ROM at [mem 0x000c0000-0x000dffff]
Mar 30 07:56:52 kernel: [    0.826485] PCI: CLS 64 bytes, default 64
Mar 30 07:56:52 kernel: [    0.826548] Unpacking initramfs...
Mar 30 07:56:52 kernel: [    2.527305] Freeing initrd memory: 45500K
Mar 30 07:56:52 kernel: [    2.527373] DMAR: ACPI device "device:6e" under DMAR at fed91000 as 00:15.0
Mar 30 07:56:52 kernel: [    2.527380] DMAR: ACPI device "device:6f" under DMAR at fed91000 as 00:15.1
Mar 30 07:56:52 kernel: [    2.540401] PCI-DMA: Using software bounce buffering for IO (SWIOTLB)
Mar 30 07:56:52 kernel: [    2.540404] software IO TLB: mapped [mem 0x8797d000-0x8b97d000] (64MB)
Mar 30 07:56:52 kernel: [    2.540514] clocksource: tsc: mask: 0xffffffffffffffff max_cycles: 0x15cb6aaa5cc, max_idle_ns: 440795251989 ns
Mar 30 07:56:52 kernel: [    2.540539] clocksource: Switched to clocksource tsc
Mar 30 07:56:52 kernel: [    2.541938] Initialise system trusted keyrings
Mar 30 07:56:52 kernel: [    2.541960] Key type blacklist registered
Mar 30 07:56:52 kernel: [    2.542046] workingset: timestamp_bits=40 max_order=20 bucket_order=0
Mar 30 07:56:52 kernel: [    2.544416] zbud: loaded
Mar 30 07:56:52 kernel: [    2.879611] Key type asymmetric registered
Mar 30 07:56:52 kernel: [    2.879613] Asymmetric key parser 'x509' registered
Mar 30 07:56:52 kernel: [    2.879637] Block layer SCSI generic (bsg) driver version 0.4 loaded (major 247)
Mar 30 07:56:52 kernel: [    2.879673] io scheduler noop registered
Mar 30 07:56:52 kernel: [    2.879674] io scheduler deadline registered
Mar 30 07:56:52 kernel: [    2.879728] io scheduler cfq registered (default)
Mar 30 07:56:52 kernel: [    2.879730] io scheduler mq-deadline registered
Mar 30 07:56:52 kernel: [    2.880403] shpchp: Standard Hot Plug PCI Controller Driver version: 0.4
Mar 30 07:56:52 kernel: [    2.880432] efifb: probing for efifb
Mar 30 07:56:52 kernel: [    2.880454] efifb: framebuffer at 0xa0000000, using 1920k, total 1920k
Mar 30 07:56:52 kernel: [    2.880456] efifb: mode is 800x600x32, linelength=3200, pages=1
Mar 30 07:56:52 kernel: [    2.880457] efifb: scrolling: redraw
Mar 30 07:56:52 kernel: [    2.880460] efifb: Truecolor: size=8:8:8:8, shift=24:16:8:0
Mar 30 07:56:52 kernel: [    2.882678] Console: switching to colour frame buffer device 100x37
Mar 30 07:56:52 kernel: [    2.884757] fb0: EFI VGA frame buffer device
Mar 30 07:56:52 kernel: [    2.884773] intel_idle: MWAIT substates: 0x11142120
Mar 30 07:56:52 kernel: [    2.884775] intel_idle: v0.4.1 model 0x4E
Mar 30 07:56:52 kernel: [    2.885158] intel_idle: lapic_timer_reliable_states 0xffffffff
Mar 30 07:56:52 kernel: [    2.886829] Serial: 8250/16550 driver, 4 ports, IRQ sharing enabled
Mar 30 07:56:52 kernel: [    2.887696] Linux agpgart interface v0.103
Mar 30 07:56:52 kernel: [    2.887793] AMD IOMMUv2 driver by Joerg Roedel <jroedel@suse.de>
Mar 30 07:56:52 kernel: [    2.887794] AMD IOMMUv2 functionality not available on this system
Mar 30 07:56:52 kernel: [    2.888290] i8042: PNP: PS/2 Controller [PNP0303:PS2K] at 0x60,0x64 irq 1
Mar 30 07:56:52 kernel: [    2.888291] i8042: PNP: PS/2 appears to have AUX port disabled, if this is incorrect please boot with i8042.nopnp
Mar 30 07:56:52 kernel: [    2.888947] serio: i8042 KBD port at 0x60,0x64 irq 1
Mar 30 07:56:52 kernel: [    2.889462] mousedev: PS/2 mouse device common for all mice
Mar 30 07:56:52 kernel: [    2.889560] rtc_cmos 00:03: RTC can wake from S4
Mar 30 07:56:52 kernel: [    2.890243] rtc_cmos 00:03: registered as rtc0
Mar 30 07:56:52 kernel: [    2.890282] rtc_cmos 00:03: alarms up to one month, y3k, 242 bytes nvram, hpet irqs
Mar 30 07:56:52 kernel: [    2.890299] intel_pstate: Intel P-state driver initializing
Mar 30 07:56:52 kernel: [    2.891362] intel_pstate: HWP enabled
Mar 30 07:56:52 kernel: [    2.891404] ledtrig-cpu: registered to indicate activity on CPUs
Mar 30 07:56:52 kernel: [    2.892026] NET: Registered protocol family 10
Mar 30 07:56:52 kernel: [    2.895725] Segment Routing with IPv6
Mar 30 07:56:52 kernel: [    2.895745] mip6: Mobile IPv6
Mar 30 07:56:52 kernel: [    2.895747] NET: Registered protocol family 17
Mar 30 07:56:52 kernel: [    2.895771] mpls_gso: MPLS GSO support
Mar 30 07:56:52 kernel: [    2.895991] mce: Using 8 MCE banks
Mar 30 07:56:52 kernel: [    2.896022] microcode: sig=0x406e3, pf=0x80, revision=0x9e
Mar 30 07:56:52 kernel: [    2.896145] microcode: Microcode Update Driver: v2.2.
Mar 30 07:56:52 kernel: [    2.896159] sched_clock: Marking stable (2895265771, 874887)->(2903489020, -7348362)
Mar 30 07:56:52 kernel: [    2.896406] registered taskstats version 1
Mar 30 07:56:52 kernel: [    2.896407] Loading compiled-in X.509 certificates
Mar 30 07:56:52 kernel: [    2.906816] input: AT Translated Set 2 keyboard as /devices/platform/i8042/serio0/input/input0
Mar 30 07:56:52 kernel: [    2.935898] Loaded X.509 cert 'Debian Secure Boot CA: 6ccece7e4c6c0d1f6149f3dd27dfcc5cbb419ea1'
Mar 30 07:56:52 kernel: [    2.935914] Loaded X.509 cert 'Debian Secure Boot Signer 2021 - linux: 4b6ef5abca669825178e052c84667ccbc0531f8c'
Mar 30 07:56:52 kernel: [    2.939011] Loaded UEFI:db cert 'Microsoft Windows Production PCA 2011: a92902398e16c49778cd90f99e4f9ae17c55af53' linked to secondary sys keyring
Mar 30 07:56:52 kernel: [    2.939034] Loaded UEFI:db cert 'Microsoft Corporation UEFI CA 2011: 13adbf4309bd82709c8cd54f316ed522988a1bd4' linked to secondary sys keyring
Mar 30 07:56:52 kernel: [    2.939283] Loaded UEFI:db cert ': 4238256238813fab4f31de855fe58652' linked to secondary sys keyring
Mar 30 07:56:52 kernel: [    2.939285] Problem loading UEFI:db X.509 certificate (-65)
Mar 30 07:56:52 kernel: [    2.940724] zswap: loaded using pool lzo/zbud
Mar 30 07:56:52 kernel: [    2.940862] AppArmor: AppArmor sha1 policy hashing enabled
Mar 30 07:56:52 kernel: [    2.942028] rtc_cmos 00:03: setting system clock to 2021-03-30 07:56:51 UTC (1617091011)
Mar 30 07:56:52 kernel: [    3.184316] Freeing unused kernel image memory: 1600K
Mar 30 07:56:52 kernel: [    3.200782] Write protecting the kernel read-only data: 16384k
Mar 30 07:56:52 kernel: [    3.202058] Freeing unused kernel image memory: 2028K
Mar 30 07:56:52 kernel: [    3.202301] Freeing unused kernel image memory: 768K
Mar 30 07:56:52 kernel: [    3.210757] x86/mm: Checked W+X mappings: passed, no W+X pages found.
Mar 30 07:56:52 kernel: [    3.210759] x86/mm: Checking user space page tables
Mar 30 07:56:52 kernel: [    3.218459] x86/mm: Checked W+X mappings: passed, no W+X pages found.
Mar 30 07:56:52 kernel: [    3.218461] Run /init as init process
Mar 30 07:56:52 kernel: [    3.284768] hidraw: raw HID events driver (C) Jiri Kosina
Mar 30 07:56:52 kernel: [    3.286112] thermal LNXTHERM:00: registered as thermal_zone0
Mar 30 07:56:52 kernel: [    3.286113] ACPI: Thermal Zone [TZ01] (43 C)
Mar 30 07:56:52 kernel: [    3.297850] ACPI: bus type USB registered
Mar 30 07:56:52 kernel: [    3.297881] usbcore: registered new interface driver usbfs
Mar 30 07:56:52 kernel: [    3.297893] usbcore: registered new interface driver hub
Mar 30 07:56:52 kernel: [    3.297908] usbcore: registered new device driver usb
Mar 30 07:56:52 kernel: [    3.304413] SCSI subsystem initialized
Mar 30 07:56:52 kernel: [    3.320310] xhci_hcd 0000:00:14.0: xHCI Host Controller
Mar 30 07:56:52 kernel: [    3.320319] xhci_hcd 0000:00:14.0: new USB bus registered, assigned bus number 1
Mar 30 07:56:52 kernel: [    3.321424] xhci_hcd 0000:00:14.0: hcc params 0x200077c1 hci version 0x100 quirks 0x0000000081109810
Mar 30 07:56:52 kernel: [    3.324576] xhci_hcd 0000:00:14.0: cache line size of 64 is not supported
Mar 30 07:56:52 kernel: [    3.324809] usb usb1: New USB device found, idVendor=1d6b, idProduct=0002, bcdDevice= 4.19
Mar 30 07:56:52 kernel: [    3.324811] usb usb1: New USB device strings: Mfr=3, Product=2, SerialNumber=1
Mar 30 07:56:52 kernel: [    3.324812] usb usb1: Product: xHCI Host Controller
Mar 30 07:56:52 kernel: [    3.324813] usb usb1: Manufacturer: Linux 4.19.0-16-amd64 xhci-hcd
Mar 30 07:56:52 kernel: [    3.324814] usb usb1: SerialNumber: 0000:00:14.0
Mar 30 07:56:52 kernel: [    3.324945] hub 1-0:1.0: USB hub found
Mar 30 07:56:52 kernel: [    3.324971] hub 1-0:1.0: 12 ports detected
Mar 30 07:56:52 kernel: [    3.325620] xhci_hcd 0000:00:14.0: xHCI Host Controller
Mar 30 07:56:52 kernel: [    3.325624] xhci_hcd 0000:00:14.0: new USB bus registered, assigned bus number 2
Mar 30 07:56:52 kernel: [    3.325628] xhci_hcd 0000:00:14.0: Host supports USB 3.0 SuperSpeed
Mar 30 07:56:52 kernel: [    3.325701] usb usb2: New USB device found, idVendor=1d6b, idProduct=0003, bcdDevice= 4.19
Mar 30 07:56:52 kernel: [    3.325703] usb usb2: New USB device strings: Mfr=3, Product=2, SerialNumber=1
Mar 30 07:56:52 kernel: [    3.325704] usb usb2: Product: xHCI Host Controller
Mar 30 07:56:52 kernel: [    3.325705] usb usb2: Manufacturer: Linux 4.19.0-16-amd64 xhci-hcd
Mar 30 07:56:52 kernel: [    3.325706] usb usb2: SerialNumber: 0000:00:14.0
Mar 30 07:56:52 kernel: [    3.325819] hub 2-0:1.0: USB hub found
Mar 30 07:56:52 kernel: [    3.325840] hub 2-0:1.0: 6 ports detected
Mar 30 07:56:52 kernel: [    3.325976] usb: port power management may be unreliable
Mar 30 07:56:52 kernel: [    3.328395] libata version 3.00 loaded.
Mar 30 07:56:52 kernel: [    3.333198] snd_hda_intel 0000:00:1f.3: couldn't bind with audio component
Mar 30 07:56:52 kernel: [    3.333766] ahci 0000:00:17.0: version 3.0
Mar 30 07:56:52 kernel: [    3.334017] ahci 0000:00:17.0: AHCI 0001.0301 32 slots 2 ports 6 Gbps 0x3 impl SATA mode
Mar 30 07:56:52 kernel: [    3.334019] ahci 0000:00:17.0: flags: 64bit ncq pm led clo only pio slum part deso sadm sds apst 
Mar 30 07:56:52 kernel: [    3.334343] scsi host0: ahci
Mar 30 07:56:52 kernel: [    3.334551] scsi host1: ahci
Mar 30 07:56:52 kernel: [    3.334650] ata1: SATA max UDMA/133 abar m2048@0xb1135000 port 0xb1135100 irq 124
Mar 30 07:56:52 kernel: [    3.334653] ata2: SATA max UDMA/133 abar m2048@0xb1135000 port 0xb1135180 irq 124
Mar 30 07:56:52 kernel: [    3.365826] snd_hda_codec_realtek hdaudioC0D0: autoconfig for ALC233: line_outs=1 (0x14/0x0/0x0/0x0/0x0) type:speaker
Mar 30 07:56:52 kernel: [    3.365830] snd_hda_codec_realtek hdaudioC0D0:    speaker_outs=0 (0x0/0x0/0x0/0x0/0x0)
Mar 30 07:56:52 kernel: [    3.365832] snd_hda_codec_realtek hdaudioC0D0:    hp_outs=1 (0x21/0x0/0x0/0x0/0x0)
Mar 30 07:56:52 kernel: [    3.365834] snd_hda_codec_realtek hdaudioC0D0:    mono: mono_out=0x0
Mar 30 07:56:52 kernel: [    3.365835] snd_hda_codec_realtek hdaudioC0D0:    inputs:
Mar 30 07:56:52 kernel: [    3.365837] snd_hda_codec_realtek hdaudioC0D0:      Mic=0x12
Mar 30 07:56:52 kernel: [    3.421185] snd_hda_codec_hdmi hdaudioC0D2: No i915 binding for Intel HDMI/DP codec
Mar 30 07:56:52 kernel: [    3.421476] hdaudio hdaudioC0D2: Unable to bind the codec
Mar 30 07:56:52 kernel: [    3.422614] input: HDA Intel PCH Front Headphone as /devices/pci0000:00/0000:00:1f.3/sound/card0/input1
Mar 30 07:56:52 kernel: [    3.647456] ata2: SATA link up 6.0 Gbps (SStatus 133 SControl 300)
Mar 30 07:56:52 kernel: [    3.647495] ata1: SATA link down (SStatus 4 SControl 300)
Mar 30 07:56:52 kernel: [    3.651340] ata2.00: ATA-9: SAMSUNG MZNTY128HDHP-00000, MAT2100Q, max UDMA/133
Mar 30 07:56:52 kernel: [    3.651346] ata2.00: 250069680 sectors, multi 16: LBA48 NCQ (depth 32), AA
Mar 30 07:56:52 kernel: [    3.655098] ata2.00: configured for UDMA/133
Mar 30 07:56:52 kernel: [    3.660814] usb 1-2: new high-speed USB device number 2 using xhci_hcd
Mar 30 07:56:52 kernel: [    3.665592] ahci 0000:00:17.0: port does not support device sleep
Mar 30 07:56:52 kernel: [    3.666194] scsi 1:0:0:0: Direct-Access     ATA      SAMSUNG MZNTY128 100Q PQ: 0 ANSI: 5
Mar 30 07:56:52 kernel: [    3.677692] sd 1:0:0:0: [sda] 250069680 512-byte logical blocks: (128 GB/119 GiB)
Mar 30 07:56:52 kernel: [    3.677711] sd 1:0:0:0: [sda] Write Protect is off
Mar 30 07:56:52 kernel: [    3.677716] sd 1:0:0:0: [sda] Mode Sense: 00 3a 00 00
Mar 30 07:56:52 kernel: [    3.677739] sd 1:0:0:0: [sda] Write cache: enabled, read cache: enabled, doesn't support DPO or FUA
Mar 30 07:56:52 kernel: [    3.680772]  sda: sda1 sda2 sda3 sda4 sda7
Mar 30 07:56:52 kernel: [    3.682697] sd 1:0:0:0: [sda] Attached SCSI disk
Mar 30 07:56:52 kernel: [    3.814097] usb 1-2: New USB device found, idVendor=048d, idProduct=1234, bcdDevice= 2.00
Mar 30 07:56:52 kernel: [    3.814099] usb 1-2: New USB device strings: Mfr=1, Product=2, SerialNumber=3
Mar 30 07:56:52 kernel: [    3.814101] usb 1-2: Product: Disk 2.0
Mar 30 07:56:52 kernel: [    3.814101] usb 1-2: Manufacturer: USB
Mar 30 07:56:52 kernel: [    3.814102] usb 1-2: SerialNumber: 5497611134605117051
Mar 30 07:56:52 kernel: [    3.822027] usb-storage 1-2:1.0: USB Mass Storage device detected
Mar 30 07:56:52 kernel: [    3.822119] scsi host2: usb-storage 1-2:1.0
Mar 30 07:56:52 kernel: [    3.822219] usbcore: registered new interface driver usb-storage
Mar 30 07:56:52 kernel: [    3.824770] usbcore: registered new interface driver uas
Mar 30 07:56:52 kernel: [    3.940372] usb 1-3: new full-speed USB device number 3 using xhci_hcd
Mar 30 07:56:52 kernel: [    4.089646] usb 1-3: New USB device found, idVendor=8087, idProduct=0a2b, bcdDevice= 0.01
Mar 30 07:56:52 kernel: [    4.089648] usb 1-3: New USB device strings: Mfr=0, Product=0, SerialNumber=0
Mar 30 07:56:52 kernel: [    4.216354] usb 1-7: new high-speed USB device number 4 using xhci_hcd
Mar 30 07:56:52 kernel: [    4.226101] vga16fb: initializing
Mar 30 07:56:52 kernel: [    4.226103] vga16fb: mapped to 0x00000000dcf8fb0a
Mar 30 07:56:52 kernel: [    4.226107] checking generic (a0000000 1e0000) vs hw (a0000 10000)
Mar 30 07:56:52 kernel: [    4.226154] fb1: VGA16 VGA frame buffer device
Mar 30 07:56:52 entropy-source: haveged not needed: rdrand CPU flag detected
Mar 30 07:56:52 reopen-console: Looking at console tty0 from /proc/consoles
Mar 30 07:56:52 reopen-console:    Adding tty0 to possible consoles list
Mar 30 07:56:52 reopen-console:    tty0 is preferred
Mar 30 07:56:52 reopen-console: Adding inittab entry for tty0
Mar 30 07:56:52 reopen-console: Restarting init to start d-i on the console(s) we found
Mar 30 07:56:52 init: reloading /etc/inittab
Mar 30 07:56:52 init: starting pid 360, tty '/dev/tty4': '/usr/bin/tail -f /var/log/syslog'
Mar 30 07:56:52 init: starting pid 361, tty '/dev/tty0': '/sbin/debian-installer'
Mar 30 07:56:52 kernel: [    4.372158] usb 1-7: New USB device found, idVendor=04f2, idProduct=b59a, bcdDevice=34.04
Mar 30 07:56:52 kernel: [    4.372160] usb 1-7: New USB device strings: Mfr=1, Product=2, SerialNumber=0
Mar 30 07:56:52 kernel: [    4.372162] usb 1-7: Product: XiaoMi USB 2.0 Webcam
Mar 30 07:56:52 kernel: [    4.372162] usb 1-7: Manufacturer: Chicony
Mar 30 07:56:53 kernel: [    4.833771] scsi 2:0:0:0: Direct-Access     VendorCo ProductCode      2.00 PQ: 0 ANSI: 4
Mar 30 07:56:53 kernel: [    4.834641] sd 2:0:0:0: [sdb] 62054400 512-byte logical blocks: (31.8 GB/29.6 GiB)
Mar 30 07:56:53 kernel: [    4.834805] sd 2:0:0:0: [sdb] Write Protect is off
Mar 30 07:56:53 kernel: [    4.834812] sd 2:0:0:0: [sdb] Mode Sense: 03 00 00 00
Mar 30 07:56:53 kernel: [    4.834964] sd 2:0:0:0: [sdb] No Caching mode page found
Mar 30 07:56:53 kernel: [    4.834970] sd 2:0:0:0: [sdb] Assuming drive cache: write through
Mar 30 07:56:53 kernel: [    4.837341]  sdb: sdb1 sdb2
Mar 30 07:56:53 kernel: [    4.838897] sd 2:0:0:0: [sdb] Attached SCSI removable disk
Mar 30 07:56:53 init: process '/sbin/debian-installer' (pid 361) exited. Scheduling for restart.
Mar 30 07:56:53 init: starting pid 383, tty '/dev/tty0': '/sbin/debian-installer'
Mar 30 07:56:54 debconf: Setting debconf/language to en
Mar 30 07:56:54 main-menu[410]: DEBUG: resolver (libgcc1): package doesn't exist (ignored)
Mar 30 07:56:54 main-menu[410]: INFO: Falling back to the package description for brltty-udeb
Mar 30 07:56:54 main-menu[410]: INFO: Menu item 'localechooser' selected
Mar 30 07:56:54 localechooser: info: debian-installer/locale preseeded to 'zh_CN' (seen: true)
Mar 30 07:56:54 localechooser: info: Set localechooser/languagelist = 'zh_CN'
Mar 30 07:56:54 localechooser: info: Set debian-installer/country = 'CN'
Mar 30 07:56:54 localechooser: info: Set debian-installer/locale = 'zh_CN'
Mar 30 07:56:54 debconf: Setting debconf/language to en
Mar 30 07:56:54 gtk-set-font: Switching to font 'DejaVu Sans' for 'en'
Mar 30 07:56:54 localechooser: info: Language = 'zh_CN'
Mar 30 07:56:54 localechooser: info: line=zh_CN;3;CN;zh_CN.UTF-8;zh_CN:zh;
Mar 30 07:56:54 localechooser: info: Set debian-installer/language = 'zh_CN:zh'
Mar 30 07:56:54 localechooser: info: Default country = 'CN'
Mar 30 07:56:54 localechooser: info: Default locale = 'zh_CN.UTF-8'
Mar 30 07:56:54 localechooser: info: Set debian-installer/consoledisplay = ''
Mar 30 07:56:54 debconf: Setting debconf/language to zh_CN:zh
Mar 30 07:56:54 gtk-set-font: Requested font for 'zh_CN' not found; using default
Mar 30 07:56:54 anna-install: Queueing udeb bterm-unifont for later installation
Mar 30 07:56:54 localechooser: info: Set debian-installer/country = 'CN'
Mar 30 07:56:54 localechooser: info: Preseeded debian-installer/locale = 'zh_CN'
Mar 30 07:56:54 localechooser: info: Set debian-installer/locale = 'zh_CN'
Mar 30 07:56:54 localechooser: info: System locale (debian-installer/locale) = 'zh_CN'
Mar 30 07:56:54 main-menu[410]: DEBUG: resolver (libgcc1): package doesn't exist (ignored)
Mar 30 07:56:54 main-menu[410]: INFO: Falling back to the package description for brltty-udeb
Mar 30 07:56:54 main-menu[410]: INFO: Falling back to the package description for brltty-udeb
Mar 30 07:56:54 main-menu[410]: INFO: Falling back to the package description for brltty-udeb
Mar 30 07:56:54 main-menu[410]: INFO: Menu item 'brltty-udeb' selected
Mar 30 07:56:54 main-menu[410]: WARNING **: Unable to set title for brltty-udeb.
Mar 30 07:56:54 main-menu[410]: DEBUG: resolver (libgcc1): package doesn't exist (ignored)
Mar 30 07:56:54 main-menu[410]: INFO: Falling back to the package description for brltty-udeb
Mar 30 07:56:54 main-menu[410]: INFO: Falling back to the package description for brltty-udeb
Mar 30 07:56:54 main-menu[410]: INFO: Menu item 'espeakup-udeb' selected
Mar 30 07:56:54 main-menu[410]: DEBUG: resolver (libgcc1): package doesn't exist (ignored)
Mar 30 07:56:54 main-menu[410]: INFO: Falling back to the package description for brltty-udeb
Mar 30 07:56:54 main-menu[410]: INFO: Falling back to the package description for brltty-udeb
Mar 30 07:56:54 main-menu[410]: INFO: Menu item 'console-setup-udeb' selected
Mar 30 07:56:54 main-menu[410]: DEBUG: resolver (libgcc1): package doesn't exist (ignored)
Mar 30 07:56:54 main-menu[410]: INFO: Falling back to the package description for brltty-udeb
Mar 30 07:56:54 main-menu[410]: INFO: Falling back to the package description for brltty-udeb
Mar 30 07:56:54 main-menu[410]: INFO: Menu item 'cdrom-detect' selected
Mar 30 07:56:54 net/hw-detect.hotplug: Detected hotpluggable network interface lo
Mar 30 07:56:55 apt-install: Queueing package udev for later installation
Mar 30 07:56:55 apt-install: Queueing package pciutils for later installation
Mar 30 07:56:55 apt-install: Queueing package usbutils for later installation
Mar 30 07:56:56 check-missing-firmware: looking at dmesg for the first time
Mar 30 07:56:56 check-missing-firmware: saving timestamp for a later use: [    4.838897]
Mar 30 07:56:56 check-missing-firmware: /dev/.udev/firmware-missing does not exist, skipping
Mar 30 07:56:56 check-missing-firmware: /run/udev/firmware-missing does not exist, skipping
Mar 30 07:56:56 check-missing-firmware: no missing firmware in loaded kernel modules
Mar 30 07:56:56 cdrom-detect: Searching for Debian installation media...
Mar 30 07:56:56 cdrom-detect: Devices: ''
Mar 30 07:56:57 cdrom-detect: Devices: ''
Mar 30 07:56:58 cdrom-detect: Devices: ''
Mar 30 07:56:59 cdrom-detect: Devices: ''
Mar 30 07:57:00 cdrom-detect: Devices: ''
Mar 30 07:57:01 cdrom-detect: Devices: ''
Mar 30 07:57:02 cdrom-detect: Devices: ''
Mar 30 07:57:03 cdrom-detect: Devices: ''
Mar 30 07:57:04 cdrom-detect: Devices: ''
Mar 30 07:57:06 kernel: [   17.492707] ISO 9660 Extensions: Microsoft Joliet Level 3
Mar 30 07:57:06 cdrom-detect: CD-ROM mount succeeded: device=/dev/sdb1 fstype=iso9660
Mar 30 07:57:06 kernel: [   17.495266] ISO 9660 Extensions: RRIP_1991A
Mar 30 07:57:06 cdrom-detect: Detected CD 'atzlinux GNU/Linux 10.9.1 "Buster" - Unofficial amd64 DVD Binary-1 with firmware 20210330-07:23'
Mar 30 07:57:08 cdrom-detect: Detected CD with 'stable' (buster) distribution
Mar 30 07:57:08 anna-install: Queueing udeb eject-udeb for later installation
Mar 30 07:57:08 anna-install: Queueing udeb apt-mirror-setup for later installation
Mar 30 07:57:08 anna-install: Queueing udeb apt-cdrom-setup for later installation
Mar 30 07:57:08 anna-install: Queueing udeb buster-support for later installation
Mar 30 07:57:08 main-menu[410]: DEBUG: resolver (libgcc1): package doesn't exist (ignored)
Mar 30 07:57:08 main-menu[410]: INFO: Falling back to the package description for brltty-udeb
Mar 30 07:57:08 main-menu[410]: INFO: Falling back to the package description for brltty-udeb
Mar 30 07:57:08 main-menu[410]: INFO: Menu item 'file-preseed' selected
Mar 30 07:57:08 preseed: successfully loaded preseed file from file:///cdrom/simple-cdd/default.preseed
Mar 30 07:57:08 preseed: running preseed command preseed/early_command: anna-install simple-cdd-profiles
Mar 30 07:57:08 anna-install: Queueing udeb simple-cdd-profiles for later installation
Mar 30 07:57:08 main-menu[410]: (process:2623): mount: mounting /dev/sda on /media failed: Invalid argument
Mar 30 07:57:08 main-menu[410]: (process:2623): umount: can't unmount /media: Invalid argument
Mar 30 07:57:08 main-menu[410]: (process:2623): mount: mounting /dev/sda on /media failed: Invalid argument
Mar 30 07:57:08 main-menu[410]: (process:2623): mount: mounting /dev/sdb on /media failed: Device or resource busy
Mar 30 07:57:08 main-menu[410]: (process:2623): umount: can't unmount /media: Invalid argument
Mar 30 07:57:08 main-menu[410]: (process:2623): mount: mounting /dev/sdb on /media failed: Device or resource busy
Mar 30 07:57:08 main-menu[410]: (process:2623): mount: mounting /dev/sda1 on /media failed: Invalid argument
Mar 30 07:57:08 main-menu[410]: (process:2623): umount: can't unmount /media: Invalid argument
Mar 30 07:57:08 main-menu[410]: (process:2623): mount: mounting /dev/sda1 on /media failed: Invalid argument
Mar 30 07:57:08 main-menu[410]: (process:2623): mount: mounting /dev/sda2 on /media failed: Invalid argument
Mar 30 07:57:08 main-menu[410]: (process:2623): umount: can't unmount /media: Invalid argument
Mar 30 07:57:08 main-menu[410]: (process:2623): mount: mounting /dev/sda2 on /media failed: Invalid argument
Mar 30 07:57:08 main-menu[410]: DEBUG: resolver (libgcc1): package doesn't exist (ignored)
Mar 30 07:57:08 main-menu[410]: INFO: Falling back to the package description for brltty-udeb
Mar 30 07:57:08 main-menu[410]: INFO: Falling back to the package description for brltty-udeb
Mar 30 07:57:08 main-menu[410]: INFO: Menu item 'load-cdrom' selected
Mar 30 07:57:08 cdrom-retriever: warning: File /cdrom/dists/buster/main/debian-installer/binary-amd64/Packages does not exist.
Mar 30 07:57:08 cdrom-retriever: warning: Unable to find non-free/debian-installer/binary-amd64/Packages in /cdrom/dists/buster/Release.
Mar 30 07:57:08 cdrom-retriever: warning: Unable to find non-free/debian-installer/binary-amd64/Packages.gz in /cdrom/dists/buster/Release.
Mar 30 07:57:08 cdrom-retriever: warning: Unable to find contrib/debian-installer/binary-amd64/Packages in /cdrom/dists/buster/Release.
Mar 30 07:57:08 cdrom-retriever: warning: Unable to find contrib/debian-installer/binary-amd64/Packages.gz in /cdrom/dists/buster/Release.
Mar 30 07:57:08 anna[3369]: DEBUG: resolver (fat-modules): package doesn't exist (ignored)
Mar 30 07:57:08 anna[3369]: DEBUG: resolver (scsi-modules): package doesn't exist (ignored)
Mar 30 07:57:08 anna[3369]: DEBUG: resolver (fat-modules): package doesn't exist (ignored)
Mar 30 07:57:08 anna[3369]: DEBUG: resolver (scsi-modules): package doesn't exist (ignored)
Mar 30 07:57:08 anna[3369]: DEBUG: retrieving apt-cdrom-setup 1:0.151~deb10u1
Mar 30 07:57:09 anna[3369]: DEBUG: retrieving apt-mirror-setup 1:0.151~deb10u1
Mar 30 07:57:09 anna[3369]: DEBUG: retrieving apt-setup-udeb 1:0.151~deb10u1
Mar 30 07:57:09 anna[3369]: DEBUG: retrieving base-installer 1.189
Mar 30 07:57:09 anna[3369]: DEBUG: retrieving bootstrap-base 1.189
Mar 30 07:57:09 anna[3369]: DEBUG: retrieving bterm-unifont 1.6
Mar 30 07:57:10 anna[3369]: DEBUG: retrieving btrfs-progs-udeb 4.20.1-2
Mar 30 07:57:10 anna[3369]: DEBUG: retrieving choose-mirror-bin 2.99+deb10u3
Mar 30 07:57:10 anna[3369]: DEBUG: retrieving clock-setup 0.141
Mar 30 07:57:10 anna[3369]: DEBUG: retrieving debian-archive-keyring-udeb 2019.1+deb10u1
Mar 30 07:57:10 anna[3369]: DEBUG: retrieving debootstrap-udeb 1.0.114
Mar 30 07:57:10 anna[3369]: DEBUG: retrieving di-utils-mapdevfs 1.132+deb10u1
Mar 30 07:57:10 anna[3369]: DEBUG: retrieving disk-detect 1.137
Mar 30 07:57:11 anna[3369]: DEBUG: retrieving dmidecode-udeb 3.2-1
Mar 30 07:57:11 anna[3369]: DEBUG: retrieving dosfstools-udeb 4.1-2
Mar 30 07:57:11 anna[3369]: DEBUG: retrieving e2fsprogs-udeb 1.44.5-1+deb10u3
Mar 30 07:57:11 anna[3369]: DEBUG: retrieving eject-udeb 2.1.5+deb1+cvs20081104-13.2
Mar 30 07:57:11 anna[3369]: DEBUG: retrieving ethdetect 1.137
Mar 30 07:57:11 anna[3369]: DEBUG: retrieving finish-install 2.100
Mar 30 07:57:11 anna[3369]: DEBUG: retrieving fuse-udeb 2.9.9-1+deb10u1
Mar 30 07:57:11 anna[3369]: DEBUG: retrieving gpgv-udeb 2.2.12-1+deb10u1
Mar 30 07:57:11 anna[3369]: DEBUG: retrieving grub-installer 1.165
Mar 30 07:57:12 anna[3369]: DEBUG: retrieving grub-mount-udeb 2.02+dfsg1-20+deb10u4
Mar 30 07:57:12 anna[3369]: DEBUG: retrieving jfsutils-udeb 1.1.15-4
Mar 30 07:57:12 anna[3369]: DEBUG: retrieving kickseed-common 0.63
Mar 30 07:57:12 anna[3369]: DEBUG: retrieving libdevmapper1.02.1-udeb 2:1.02.155-3
Mar 30 07:57:12 anna[3369]: DEBUG: retrieving libfuse2-udeb 2.9.9-1+deb10u1
Mar 30 07:57:12 anna[3369]: DEBUG: retrieving libgcrypt20-udeb 1.8.4-5
Mar 30 07:57:12 anna[3369]: DEBUG: retrieving libgpg-error0-udeb 1.35-1
Mar 30 07:57:12 anna[3369]: DEBUG: retrieving libisns-nocrypto0-udeb 0.97-3
Mar 30 07:57:12 anna[3369]: DEBUG: retrieving libiw30-udeb 30~pre9-13
Mar 30 07:57:12 anna[3369]: DEBUG: retrieving liblzo2-2-udeb 2.10-0.1
Mar 30 07:57:12 anna[3369]: DEBUG: retrieving libnl-3-200-udeb 3.4.0-1
Mar 30 07:57:12 anna[3369]: DEBUG: retrieving libnl-genl-3-200-udeb 3.4.0-1
Mar 30 07:57:12 anna[3369]: DEBUG: retrieving libparted-fs-resize0-udeb 3.2-25
Mar 30 07:57:12 anna[3369]: DEBUG: retrieving libparted2-udeb 3.2-25
Mar 30 07:57:12 anna[3369]: DEBUG: retrieving libzstd1-udeb 1.3.8+dfsg-3+deb10u2
Mar 30 07:57:12 anna[3369]: DEBUG: retrieving mdadm-udeb 4.1-1
Mar 30 07:57:13 anna[3369]: DEBUG: retrieving ndisc6-udeb 1.0.4-1
Mar 30 07:57:13 anna[3369]: DEBUG: retrieving netcfg 1.160
Mar 30 07:57:13 anna[3369]: DEBUG: retrieving network-preseed 1.102
Mar 30 07:57:13 anna[3369]: DEBUG: retrieving nobootloader 1.56
Mar 30 07:57:14 anna[3369]: DEBUG: retrieving ntfs-3g-udeb 1:2017.3.23AR.3-3
Mar 30 07:57:14 anna[3369]: DEBUG: retrieving open-iscsi-udeb 2.0.874-7.1
Mar 30 07:57:14 anna[3369]: DEBUG: retrieving os-prober-udeb 1.77
Mar 30 07:57:14 anna[3369]: DEBUG: retrieving partman-auto 149+deb10u1
Mar 30 07:57:14 anna[3369]: DEBUG: retrieving partman-auto-raid 41
Mar 30 07:57:15 anna[3369]: DEBUG: retrieving partman-base 208
Mar 30 07:57:15 anna[3369]: DEBUG: retrieving partman-basicfilesystems 148
Mar 30 07:57:15 anna[3369]: DEBUG: retrieving partman-basicmethods 69
Mar 30 07:57:16 anna[3369]: DEBUG: retrieving partman-btrfs 49
Mar 30 07:57:16 anna[3369]: DEBUG: retrieving partman-efi 80
Mar 30 07:57:17 anna[3369]: DEBUG: retrieving partman-ext3 103
Mar 30 07:57:17 anna[3369]: DEBUG: retrieving partman-iscsi 61
Mar 30 07:57:18 anna[3369]: DEBUG: retrieving partman-jfs 57
Mar 30 07:57:18 anna[3369]: DEBUG: retrieving partman-md 90
Mar 30 07:57:19 anna[3369]: DEBUG: retrieving partman-partitioning 130
Mar 30 07:57:19 anna[3369]: DEBUG: retrieving partman-target 115
Mar 30 07:57:20 anna[3369]: DEBUG: retrieving partman-utils 208
Mar 30 07:57:20 anna[3369]: DEBUG: retrieving partman-xfs 66
Mar 30 07:57:20 anna[3369]: DEBUG: retrieving pkgsel 0.66
Mar 30 07:57:21 anna[3369]: DEBUG: retrieving rdate-udeb 1:1.2-6
Mar 30 07:57:21 anna[3369]: DEBUG: retrieving rdnssd-udeb 1.0.4-1
Mar 30 07:57:21 anna[3369]: DEBUG: retrieving tzsetup-udeb 1:0.111
Mar 30 07:57:21 anna[3369]: DEBUG: retrieving user-setup-udeb 1.81
Mar 30 07:57:22 anna[3369]: DEBUG: retrieving wide-dhcpv6-client-udeb 20080615-22
Mar 30 07:57:22 anna[3369]: DEBUG: retrieving wpasupplicant-udeb 2:2.7+git20190128+0c1e29f-6+deb10u2
Mar 30 07:57:22 anna[3369]: DEBUG: retrieving xfsprogs-udeb 4.20.0-1
Mar 30 07:57:22 anna[3369]: DEBUG: retrieving btrfs-modules-4.19.0-16-amd64-di 4.19.181-1
Mar 30 07:57:22 anna[3369]: DEBUG: retrieving compress-modules-4.19.0-16-amd64-di 4.19.181-1
Mar 30 07:57:22 anna[3369]: DEBUG: retrieving crypto-modules-4.19.0-16-amd64-di 4.19.181-1
Mar 30 07:57:22 anna[3369]: DEBUG: retrieving efi-modules-4.19.0-16-amd64-di 4.19.181-1
Mar 30 07:57:22 anna[3369]: DEBUG: retrieving ext4-modules-4.19.0-16-amd64-di 4.19.181-1
Mar 30 07:57:22 anna[3369]: DEBUG: retrieving jfs-modules-4.19.0-16-amd64-di 4.19.181-1
Mar 30 07:57:22 anna[3369]: DEBUG: retrieving loop-modules-4.19.0-16-amd64-di 4.19.181-1
Mar 30 07:57:22 anna[3369]: DEBUG: retrieving md-modules-4.19.0-16-amd64-di 4.19.181-1
Mar 30 07:57:23 anna[3369]: DEBUG: retrieving mtd-core-modules-4.19.0-16-amd64-di 4.19.181-1
Mar 30 07:57:23 anna[3369]: DEBUG: retrieving nic-modules-4.19.0-16-amd64-di 4.19.181-1
Mar 30 07:57:23 anna[3369]: DEBUG: retrieving nic-pcmcia-modules-4.19.0-16-amd64-di 4.19.181-1
Mar 30 07:57:23 anna[3369]: DEBUG: retrieving nic-shared-modules-4.19.0-16-amd64-di 4.19.181-1
Mar 30 07:57:23 anna[3369]: DEBUG: retrieving nic-usb-modules-4.19.0-16-amd64-di 4.19.181-1
Mar 30 07:57:23 anna[3369]: DEBUG: retrieving nic-wireless-modules-4.19.0-16-amd64-di 4.19.181-1
Mar 30 07:57:24 anna[3369]: DEBUG: retrieving xfs-modules-4.19.0-16-amd64-di 4.19.181-1
Mar 30 07:57:24 anna[3369]: DEBUG: retrieving simple-cdd-profiles 0.6.7
Mar 30 07:57:30 anna-install: Installing simple-cdd-profiles
Mar 30 07:57:30 apt-install: Queueing package less for later installation
Mar 30 07:57:30 apt-install: Queueing package kbd for later installation
Mar 30 07:57:30 apt-install: Queueing package console-setup-linux for later installation
Mar 30 07:57:30 apt-install: Queueing package console-setup for later installation
Mar 30 07:57:30 apt-install: Queueing package keyboard-configuration for later installation
Mar 30 07:57:30 apt-install: Queueing package atzlinux-archive-keyring for later installation
Mar 30 07:57:30 apt-install: Queueing package apt-transport-https for later installation
Mar 30 07:57:30 apt-install: Queueing package firmware-amd-graphics for later installation
Mar 30 07:57:30 apt-install: Queueing package firmware-iwlwifi for later installation
Mar 30 07:57:30 apt-install: Queueing package firmware-linux-free for later installation
Mar 30 07:57:30 apt-install: Queueing package firmware-linux-nonfree for later installation
Mar 30 07:57:30 apt-install: Queueing package firmware-misc-nonfree for later installation
Mar 30 07:57:30 apt-install: Queueing package firmware-realtek for later installation
Mar 30 07:57:30 apt-install: Queueing package bluez-firmware for later installation
Mar 30 07:57:30 apt-install: Queueing package albatross-gtk-theme for later installation
Mar 30 07:57:30 apt-install: Queueing package arc-theme for later installation
Mar 30 07:57:30 apt-install: Queueing package at-spi2-core for later installation
Mar 30 07:57:30 apt-install: Queueing package ayatana-indicator-session for later installation
Mar 30 07:57:30 apt-install: Queueing package blackbird-gtk-theme for later installation
Mar 30 07:57:30 apt-install: Queueing package bluebird-gtk-theme for later installation
Mar 30 07:57:30 apt-install: Queueing package budgie-sntray-plugin for later installation
Mar 30 07:57:30 apt-install: Queueing package cairo-dock-gmenu-plug-in for later installation
Mar 30 07:57:30 apt-install: Queueing package cairo-dock-xfce-integration-plug-in for later installation
Mar 30 07:57:30 apt-install: Queueing package desktop-profiles for later installation
Mar 30 07:57:30 apt-install: Queueing package dnsutils for later installation
Mar 30 07:57:30 apt-install: Queueing package elementary-xfce-icon-theme for later installation
Mar 30 07:57:30 apt-install: Queueing package exo-utils for later installation
Mar 30 07:57:30 apt-install: Queueing package fcitx-config-common for later installation
Mar 30 07:57:30 apt-install: Queueing package fcitx-config-gtk for later installation
Mar 30 07:57:30 apt-install: Queueing package fcitx-frontend-all for later installation
Mar 30 07:57:30 apt-install: Queueing package fcitx-frontend-qt4 for later installation
Mar 30 07:57:30 apt-install: Queueing package fcitx-frontend-qt5 for later installation
Mar 30 07:57:30 apt-install: Queueing package fcitx-googlepinyin for later installation
Mar 30 07:57:30 apt-install: Queueing package fcitx-m17n for later installation
Mar 30 07:57:30 apt-install: Queueing package fcitx-module-x11 for later installation
Mar 30 07:57:30 apt-install: Queueing package fcitx-sunpinyin for later installation
Mar 30 07:57:30 apt-install: Queueing package fcitx-table for later installation
Mar 30 07:57:30 apt-install: Queueing package fcitx-table-wbpy for later installation
Mar 30 07:57:30 apt-install: Queueing package fcitx-table-wubi for later installation
Mar 30 07:57:30 apt-install: Queueing package fcitx-ui-classic for later installation
Mar 30 07:57:30 apt-install: Queueing package file for later installation
Mar 30 07:57:30 apt-install: Queueing package firefox-esr-l10n-zh-cn for later installation
Mar 30 07:57:30 apt-install: Queueing package fonts-wqy-microhei for later installation
Mar 30 07:57:30 apt-install: Queueing package gamin for later installation
Mar 30 07:57:30 apt-install: Queueing package gpm for later installation
Mar 30 07:57:30 apt-install: Queueing package greybird-gtk-theme for later installation
Mar 30 07:57:30 apt-install: Queueing package gtk2-engines-xfce for later installation
Mar 30 07:57:30 apt-install: Queueing package gxmessage for later installation
Mar 30 07:57:30 apt-install: Queueing package iftop for later installation
Mar 30 07:57:30 apt-install: Queueing package iotop for later installation
Mar 30 07:57:30 apt-install: Queueing package libbsd0 for later installation
Mar 30 07:57:30 apt-install: Queueing package libcanberra-gtk-module for later installation
Mar 30 07:57:30 apt-install: Queueing package libexo-1-0 for later installation
Mar 30 07:57:30 apt-install: Queueing package libexo-2-0 for later installation
Mar 30 07:57:30 apt-install: Queueing package libexo-common for later installation
Mar 30 07:57:30 apt-install: Queueing package libexo-helpers for later installation
Mar 30 07:57:30 apt-install: Queueing package libgarcon-1-0 for later installation
Mar 30 07:57:30 apt-install: Queueing package libgarcon-gtk3-1-0 for later installation
Mar 30 07:57:30 apt-install: Queueing package libnss3 for later installation
Mar 30 07:57:30 apt-install: Queueing package libxfce4panel-2.0-4 for later installation
Mar 30 07:57:30 apt-install: Queueing package libxfce4ui-1-0 for later installation
Mar 30 07:57:30 apt-install: Queueing package libxfce4ui-2-0 for later installation
Mar 30 07:57:30 apt-install: Queueing package libxfce4ui-common for later installation
Mar 30 07:57:30 apt-install: Queueing package libxfce4ui-utils for later installation
Mar 30 07:57:30 apt-install: Queueing package libxfce4util7 for later installation
Mar 30 07:57:30 apt-install: Queueing package libxfce4util-bin for later installation
Mar 30 07:57:30 apt-install: Queueing package libxfce4util-common for later installation
Mar 30 07:57:30 apt-install: Queueing package libxfconf-0-2 for later installation
Mar 30 07:57:30 apt-install: Queueing package lightdm for later installation
Mar 30 07:57:30 apt-install: Queueing package lightdm-gtk-greeter for later installation
Mar 30 07:57:30 apt-install: Queueing package lxappearance for later installation
Mar 30 07:57:30 apt-install: Queueing package mate-sntray-plugin for later installation
Mar 30 07:57:30 apt-install: Queueing package menulibre for later installation
Mar 30 07:57:30 apt-install: Queueing package mousepad for later installation
Mar 30 07:57:30 apt-install: Queueing package net-tools for later installation
Mar 30 07:57:30 apt-install: Queueing package network-manager for later installation
Mar 30 07:57:30 apt-install: Queueing package network-manager-gnome for later installation
Mar 30 07:57:30 apt-install: Queueing package nxagent for later installation
Mar 30 07:57:30 apt-install: Queueing package nx-x11-common for later installation
Mar 30 07:57:30 apt-install: Queueing package policykit-1-gnome for later installation
Mar 30 07:57:30 apt-install: Queueing package psmisc for later installation
Mar 30 07:57:30 apt-install: Queueing package python3-pyqt5 for later installation
Mar 30 07:57:30 apt-install: Queueing package python3-sip for later installation
Mar 30 07:57:30 apt-install: Queueing package ristretto for later installation
Mar 30 07:57:30 apt-install: Queueing package ruby-test-unit-notify for later installation
Mar 30 07:57:30 apt-install: Queueing package shared-mime-info for later installation
Mar 30 07:57:30 apt-install: Queueing package shiki-colors-xfwm-theme for later installation
Mar 30 07:57:30 apt-install: Queueing package software-properties-common for later installation
Mar 30 07:57:30 apt-install: Queueing package sudo for later installation
Mar 30 07:57:30 apt-install: Queueing package task-chinese-s for later installation
Mar 30 07:57:30 apt-install: Queueing package task-chinese-s-desktop for later installation
Mar 30 07:57:30 apt-install: Queueing package task-desktop for later installation
Mar 30 07:57:30 apt-install: Queueing package tcpdump for later installation
Mar 30 07:57:30 apt-install: Queueing package thunar for later installation
Mar 30 07:57:30 apt-install: Queueing package thunar-data for later installation
Mar 30 07:57:30 apt-install: Queueing package traceroute for later installation
Mar 30 07:57:30 apt-install: Queueing package vala-sntray-plugin for later installation
Mar 30 07:57:30 apt-install: Queueing package wget for later installation
Mar 30 07:57:30 apt-install: Queueing package whois for later installation
Mar 30 07:57:30 apt-install: Queueing package x11-xserver-utils for later installation
Mar 30 07:57:30 apt-install: Queueing package xdg-utils for later installation
Mar 30 07:57:30 apt-install: Queueing package xdmx for later installation
Mar 30 07:57:30 apt-install: Queueing package xdmx-tools for later installation
Mar 30 07:57:30 apt-install: Queueing package xfce4 for later installation
Mar 30 07:57:30 apt-install: Queueing package xfce4-appfinder for later installation
Mar 30 07:57:30 apt-install: Queueing package xfce4-appmenu-plugin for later installation
Mar 30 07:57:30 apt-install: Queueing package xfce4-battery-plugin for later installation
Mar 30 07:57:30 apt-install: Queueing package xfce4-clipman for later installation
Mar 30 07:57:30 apt-install: Queueing package xfce4-clipman-plugin for later installation
Mar 30 07:57:30 apt-install: Queueing package xfce4-cpufreq-plugin for later installation
Mar 30 07:57:30 apt-install: Queueing package xfce4-cpugraph-plugin for later installation
Mar 30 07:57:30 apt-install: Queueing package xfce4-datetime-plugin for later installation
Mar 30 07:57:30 apt-install: Queueing package xfce4-diskperf-plugin for later installation
Mar 30 07:57:30 apt-install: Queueing package xfce4-equake-plugin for later installation
Mar 30 07:57:30 apt-install: Queueing package xfce4-eyes-plugin for later installation
Mar 30 07:57:30 apt-install: Queueing package xfce4-fsguard-plugin for later installation
Mar 30 07:57:30 apt-install: Queueing package xfce4-genmon-plugin for later installation
Mar 30 07:57:30 apt-install: Queueing package xfce4-indicator-plugin for later installation
Mar 30 07:57:30 apt-install: Queueing package xfce4-mailwatch-plugin for later installation
Mar 30 07:57:30 apt-install: Queueing package xfce4-mount-plugin for later installation
Mar 30 07:57:30 apt-install: Queueing package xfce4-mpc-plugin for later installation
Mar 30 07:57:30 apt-install: Queueing package xfce4-netload-plugin for later installation
Mar 30 07:57:30 apt-install: Queueing package xfce4-notes for later installation
Mar 30 07:57:30 apt-install: Queueing package xfce4-notes-plugin for later installation
Mar 30 07:57:30 apt-install: Queueing package xfce4-notifyd for later installation
Mar 30 07:57:30 apt-install: Queueing package xfce4-panel for later installation
Mar 30 07:57:30 apt-install: Queueing package xfce4-places-plugin for later installation
Mar 30 07:57:30 apt-install: Queueing package xfce4-power-manager for later installation
Mar 30 07:57:30 apt-install: Queueing package xfce4-power-manager-data for later installation
Mar 30 07:57:30 apt-install: Queueing package xfce4-power-manager-plugins for later installation
Mar 30 07:57:30 apt-install: Queueing package xfce4-pulseaudio-plugin for later installation
Mar 30 07:57:30 apt-install: Queueing package xfce4-screenshooter for later installation
Mar 30 07:57:30 apt-install: Queueing package xfce4-session for later installation
Mar 30 07:57:30 apt-install: Queueing package xfce4-settings for later installation
Mar 30 07:57:30 apt-install: Queueing package xfce4-smartbookmark-plugin for later installation
Mar 30 07:57:30 apt-install: Queueing package xfce4-sntray-plugin for later installation
Mar 30 07:57:30 apt-install: Queueing package xfce4-sntray-plugin-common for later installation
Mar 30 07:57:30 apt-install: Queueing package xfce4-statusnotifier-plugin for later installation
Mar 30 07:57:30 apt-install: Queueing package xfce4-systemload-plugin for later installation
Mar 30 07:57:30 apt-install: Queueing package xfce4-taskmanager for later installation
Mar 30 07:57:30 apt-install: Queueing package xfce4-terminal for later installation
Mar 30 07:57:30 apt-install: Queueing package xfce4-timer-plugin for later installation
Mar 30 07:57:30 apt-install: Queueing package xfce4-verve-plugin for later installation
Mar 30 07:57:30 apt-install: Queueing package xfce4-wavelan-plugin for later installation
Mar 30 07:57:30 apt-install: Queueing package xfce4-weather-plugin for later installation
Mar 30 07:57:30 apt-install: Queueing package xfce4-whiskermenu-plugin for later installation
Mar 30 07:57:30 apt-install: Queueing package xfce4-xkb-plugin for later installation
Mar 30 07:57:30 apt-install: Queueing package xfconf for later installation
Mar 30 07:57:30 apt-install: Queueing package xfdesktop4 for later installation
Mar 30 07:57:30 apt-install: Queueing package xfdesktop4-data for later installation
Mar 30 07:57:30 apt-install: Queueing package xfwm4 for later installation
Mar 30 07:57:30 apt-install: Queueing package xfwm4-theme-breeze for later installation
Mar 30 07:57:30 apt-install: Queueing package xnest for later installation
Mar 30 07:57:30 apt-install: Queueing package xorg-server-source for later installation
Mar 30 07:57:30 apt-install: Queueing package xserver-common for later installation
Mar 30 07:57:30 apt-install: Queueing package xserver-xephyr for later installation
Mar 30 07:57:30 apt-install: Queueing package xserver-xorg for later installation
Mar 30 07:57:30 apt-install: Queueing package xserver-xorg-core for later installation
Mar 30 07:57:30 apt-install: Queueing package xserver-xorg-input-aiptek for later installation
Mar 30 07:57:30 apt-install: Queueing package xserver-xorg-input-all for later installation
Mar 30 07:57:30 apt-install: Queueing package xserver-xorg-input-elographics for later installation
Mar 30 07:57:30 apt-install: Queueing package xserver-xorg-input-evdev for later installation
Mar 30 07:57:30 apt-install: Queueing package xserver-xorg-input-joystick for later installation
Mar 30 07:57:30 apt-install: Queueing package xserver-xorg-input-kbd for later installation
Mar 30 07:57:30 apt-install: Queueing package xserver-xorg-input-libinput for later installation
Mar 30 07:57:30 apt-install: Queueing package xserver-xorg-input-mouse for later installation
Mar 30 07:57:30 apt-install: Queueing package xserver-xorg-input-mtrack for later installation
Mar 30 07:57:30 apt-install: Queueing package xserver-xorg-input-mutouch for later installation
Mar 30 07:57:30 apt-install: Queueing package xserver-xorg-input-synaptics for later installation
Mar 30 07:57:30 apt-install: Queueing package xserver-xorg-input-void for later installation
Mar 30 07:57:30 apt-install: Queueing package xserver-xorg-input-wacom for later installation
Mar 30 07:57:30 apt-install: Queueing package xserver-xorg-input-xwiimote for later installation
Mar 30 07:57:30 apt-install: Queueing package xserver-xorg-legacy for later installation
Mar 30 07:57:30 apt-install: Queueing package xserver-xorg-video-all for later installation
Mar 30 07:57:30 apt-install: Queueing package xserver-xorg-video-amdgpu for later installation
Mar 30 07:57:30 apt-install: Queueing package xserver-xorg-video-ast for later installation
Mar 30 07:57:30 apt-install: Queueing package xserver-xorg-video-ati for later installation
Mar 30 07:57:30 apt-install: Queueing package xserver-xorg-video-cirrus for later installation
Mar 30 07:57:30 apt-install: Queueing package xserver-xorg-video-dummy for later installation
Mar 30 07:57:30 apt-install: Queueing package xserver-xorg-video-fbdev for later installation
Mar 30 07:57:30 apt-install: Queueing package xserver-xorg-video-glide for later installation
Mar 30 07:57:30 apt-install: Queueing package xserver-xorg-video-intel for later installation
Mar 30 07:57:30 apt-install: Queueing package xserver-xorg-video-ivtv for later installation
Mar 30 07:57:30 apt-install: Queueing package xserver-xorg-video-mach64 for later installation
Mar 30 07:57:30 apt-install: Queueing package xserver-xorg-video-mga for later installation
Mar 30 07:57:30 apt-install: Queueing package xserver-xorg-video-neomagic for later installation
Mar 30 07:57:30 apt-install: Queueing package xserver-xorg-video-nouveau for later installation
Mar 30 07:57:30 apt-install: Queueing package xserver-xorg-video-openchrome for later installation
Mar 30 07:57:30 apt-install: Queueing package xserver-xorg-video-qxl for later installation
Mar 30 07:57:30 apt-install: Queueing package xserver-xorg-video-r128 for later installation
Mar 30 07:57:30 apt-install: Queueing package xserver-xorg-video-radeon for later installation
Mar 30 07:57:30 apt-install: Queueing package xserver-xorg-video-savage for later installation
Mar 30 07:57:30 apt-install: Queueing package xserver-xorg-video-siliconmotion for later installation
Mar 30 07:57:30 apt-install: Queueing package xserver-xorg-video-sisusb for later installation
Mar 30 07:57:30 apt-install: Queueing package xserver-xorg-video-tdfx for later installation
Mar 30 07:57:30 apt-install: Queueing package xserver-xorg-video-trident for later installation
Mar 30 07:57:30 apt-install: Queueing package xserver-xorg-video-vesa for later installation
Mar 30 07:57:30 apt-install: Queueing package xserver-xorg-video-vmware for later installation
Mar 30 07:57:30 apt-install: Queueing package zhcon for later installation
Mar 30 07:57:30 apt-install: Queueing package chromium-l10n for later installation
Mar 30 07:57:30 apt-install: Queueing package thunderbird-l10n-zh-cn for later installation
Mar 30 07:57:30 apt-install: Queueing package hddtemp for later installation
Mar 30 07:57:30 apt-install: Queueing package synaptic for later installation
Mar 30 07:57:30 apt-install: Queueing package pavucontrol for later installation
Mar 30 07:57:30 apt-install: Queueing package electronic-wechat for later installation
Mar 30 07:57:30 apt-install: Queueing package linuxqq for later installation
Mar 30 07:57:30 apt-install: Queueing package libqt4-declarative for later installation
Mar 30 07:57:30 apt-install: Queueing package sogoupinyin for later installation
Mar 30 07:57:30 apt-install: Queueing package baidunetdisk for later installation
Mar 30 07:57:30 apt-install: Queueing package netease-cloud-music for later installation
Mar 30 07:57:30 apt-install: Queueing package youdao-dict for later installation
Mar 30 07:57:30 apt-install: Queueing package wps-office for later installation
Mar 30 07:57:30 apt-install: Queueing package wps-office-fonts for later installation
Mar 30 07:57:30 apt-install: Queueing package amd64-microcode for later installation
Mar 30 07:57:30 apt-install: Queueing package intel-microcode for later installation
Mar 30 07:57:30 apt-install: Queueing package bash-completion for later installation
Mar 30 07:57:30 apt-install: Queueing package bzip2 for later installation
Mar 30 07:57:30 apt-install: Queueing package xz-utils for later installation
Mar 30 07:57:30 apt-install: Queueing package debian-reference-zh-cn for later installation
Mar 30 07:57:30 apt-install: Queueing package manpages-zh for later installation
Mar 30 07:57:30 apt-install: Queueing package bluez-tools for later installation
Mar 30 07:57:30 apt-install: Queueing package pepperflashplugin-nonfree for later installation
Mar 30 07:57:30 apt-install: Queueing package enigmail for later installation
Mar 30 07:57:30 apt-install: Queueing package chromium-sandbox for later installation
Mar 30 07:57:30 apt-install: Queueing package lunar for later installation
Mar 30 07:57:30 apt-install: Queueing package gftp for later installation
Mar 30 07:57:30 apt-install: Queueing package p7zip-full for later installation
Mar 30 07:57:30 apt-install: Queueing package ntfs-3g for later installation
Mar 30 07:57:30 apt-install: Queueing package exfat-fuse for later installation
Mar 30 07:57:30 apt-install: Queueing package network-manager-vpnc-gnome for later installation
Mar 30 07:57:30 apt-install: Queueing package vlc for later installation
Mar 30 07:57:30 apt-install: Queueing package bleachbit for later installation
Mar 30 07:57:30 apt-install: Queueing package smbclient for later installation
Mar 30 07:57:30 apt-install: Queueing package cifs-utils for later installation
Mar 30 07:57:30 apt-install: Queueing package fbreader for later installation
Mar 30 07:57:30 apt-install: Queueing package xarchiver for later installation
Mar 30 07:57:30 apt-install: Queueing package arj for later installation
Mar 30 07:57:30 apt-install: Queueing package lzip for later installation
Mar 30 07:57:30 apt-install: Queueing package ncompress for later installation
Mar 30 07:57:30 apt-install: Queueing package filezilla for later installation
Mar 30 07:57:30 apt-install: Queueing package dia for later installation
Mar 30 07:57:30 apt-install: Queueing package reciteword for later installation
Mar 30 07:57:30 apt-install: Queueing package libesd0 for later installation
Mar 30 07:57:30 apt-install: Queueing package libaudio-scrobbler-perl for later installation
Mar 30 07:57:30 apt-install: Queueing package mpg321 for later installation
Mar 30 07:57:30 apt-install: Queueing package vlc-l10n for later installation
Mar 30 07:57:30 apt-install: Queueing package qterm for later installation
Mar 30 07:57:30 apt-install: Queueing package stardict-plugin-spell for later installation
Mar 30 07:57:30 apt-install: Queueing package stardict-plugin-espeak for later installation
Mar 30 07:57:30 apt-install: Queueing package stardict-dic-data-atzlinux for later installation
Mar 30 07:57:30 apt-install: Queueing package stardict-plugin-festival for later installation
Mar 30 07:57:30 apt-install: Queueing package acpi-support for later installation
Mar 30 07:57:30 apt-install: Queueing package uget for later installation
Mar 30 07:57:30 apt-install: Queueing package iw for later installation
Mar 30 07:57:30 apt-install: Queueing package wireless-tools for later installation
Mar 30 07:57:30 apt-install: Queueing package remmina-plugin-rdp for later installation
Mar 30 07:57:30 apt-install: Queueing package remmina-plugin-vnc for later installation
Mar 30 07:57:30 apt-install: Queueing package remmina-plugin-xdmcp for later installation
Mar 30 07:57:30 apt-install: Queueing package remmina-plugin-secret for later installation
Mar 30 07:57:30 apt-install: Queueing package cpuinfo for later installation
Mar 30 07:57:30 apt-install: Queueing package hwinfo for later installation
Mar 30 07:57:30 apt-install: Queueing package hwdata for later installation
Mar 30 07:57:30 apt-install: Queueing package procinfo for later installation
Mar 30 07:57:30 apt-install: Queueing package ntpdate for later installation
